Archive member included to satisfy reference by file (symbol)

c:/progra~1/stmicr~1/stm32c~1/gnu-to~1/bin/../lib/gcc/arm-none-eabi/10.3.1/thumb/v6-m/nofp\libgcc.a(_udivsi3.o)
                              CMakeFiles/firmware_oriforce_board.elf.dir/Core/Src/system_stm32g0xx.c.obj (__aeabi_uidiv)
c:/progra~1/stmicr~1/stm32c~1/gnu-to~1/bin/../lib/gcc/arm-none-eabi/10.3.1/thumb/v6-m/nofp\libgcc.a(_divsi3.o)
                              CMakeFiles/firmware_oriforce_board.elf.dir/Drivers/STM32G0xx_HAL_Driver/Src/stm32g0xx_hal_uart_ex.c.obj (__aeabi_idiv)
c:/progra~1/stmicr~1/stm32c~1/gnu-to~1/bin/../lib/gcc/arm-none-eabi/10.3.1/thumb/v6-m/nofp\libgcc.a(_dvmd_tls.o)
                              c:/progra~1/stmicr~1/stm32c~1/gnu-to~1/bin/../lib/gcc/arm-none-eabi/10.3.1/thumb/v6-m/nofp\libgcc.a(_udivsi3.o) (__aeabi_idiv0)
c:/progra~1/stmicr~1/stm32c~1/gnu-to~1/bin/../lib/gcc/arm-none-eabi/10.3.1/thumb/v6-m/nofp\libgcc.a(_aeabi_uldivmod.o)
                              CMakeFiles/firmware_oriforce_board.elf.dir/Drivers/STM32G0xx_HAL_Driver/Src/stm32g0xx_hal_uart.c.obj (__aeabi_uldivmod)
c:/progra~1/stmicr~1/stm32c~1/gnu-to~1/bin/../lib/gcc/arm-none-eabi/10.3.1/thumb/v6-m/nofp\libgcc.a(_udivmoddi4.o)
                              c:/progra~1/stmicr~1/stm32c~1/gnu-to~1/bin/../lib/gcc/arm-none-eabi/10.3.1/thumb/v6-m/nofp\libgcc.a(_aeabi_uldivmod.o) (__udivmoddi4)
c:/progra~1/stmicr~1/stm32c~1/gnu-to~1/bin/../lib/gcc/arm-none-eabi/10.3.1/thumb/v6-m/nofp\libgcc.a(addsf3.o)
                              CMakeFiles/firmware_oriforce_board.elf.dir/Core/Src/ldc1614.c.obj (__aeabi_fadd)
c:/progra~1/stmicr~1/stm32c~1/gnu-to~1/bin/../lib/gcc/arm-none-eabi/10.3.1/thumb/v6-m/nofp\libgcc.a(mulsf3.o)
                              CMakeFiles/firmware_oriforce_board.elf.dir/Core/Src/ldc1614.c.obj (__aeabi_fmul)
c:/progra~1/stmicr~1/stm32c~1/gnu-to~1/bin/../lib/gcc/arm-none-eabi/10.3.1/thumb/v6-m/nofp\libgcc.a(floatunsisf.o)
                              CMakeFiles/firmware_oriforce_board.elf.dir/Core/Src/ldc1614.c.obj (__aeabi_ui2f)
c:/progra~1/stmicr~1/stm32c~1/gnu-to~1/bin/../lib/gcc/arm-none-eabi/10.3.1/thumb/v6-m/nofp\libgcc.a(divdf3.o)
                              CMakeFiles/firmware_oriforce_board.elf.dir/Core/Src/ldc1614.c.obj (__aeabi_ddiv)
c:/progra~1/stmicr~1/stm32c~1/gnu-to~1/bin/../lib/gcc/arm-none-eabi/10.3.1/thumb/v6-m/nofp\libgcc.a(muldf3.o)
                              CMakeFiles/firmware_oriforce_board.elf.dir/Core/Src/ldc1614.c.obj (__aeabi_dmul)
c:/progra~1/stmicr~1/stm32c~1/gnu-to~1/bin/../lib/gcc/arm-none-eabi/10.3.1/thumb/v6-m/nofp\libgcc.a(extendsfdf2.o)
                              CMakeFiles/firmware_oriforce_board.elf.dir/Core/Src/ldc1614.c.obj (__aeabi_f2d)
c:/progra~1/stmicr~1/stm32c~1/gnu-to~1/bin/../lib/gcc/arm-none-eabi/10.3.1/thumb/v6-m/nofp\libgcc.a(truncdfsf2.o)
                              CMakeFiles/firmware_oriforce_board.elf.dir/Core/Src/ldc1614.c.obj (__aeabi_d2f)
c:/progra~1/stmicr~1/stm32c~1/gnu-to~1/bin/../lib/gcc/arm-none-eabi/10.3.1/thumb/v6-m/nofp\libgcc.a(_clzsi2.o)
                              c:/progra~1/stmicr~1/stm32c~1/gnu-to~1/bin/../lib/gcc/arm-none-eabi/10.3.1/thumb/v6-m/nofp\libgcc.a(addsf3.o) (__clzsi2)
c:/progra~1/stmicr~1/stm32c~1/gnu-to~1/bin/../lib/gcc/arm-none-eabi/10.3.1/thumb/v6-m/nofp\libgcc.a(_clzdi2.o)
                              c:/progra~1/stmicr~1/stm32c~1/gnu-to~1/bin/../lib/gcc/arm-none-eabi/10.3.1/thumb/v6-m/nofp\libgcc.a(_udivmoddi4.o) (__clzdi2)
c:/progra~1/stmicr~1/stm32c~1/gnu-to~1/bin/../lib/gcc/arm-none-eabi/10.3.1/../../../../arm-none-eabi/lib/thumb/v6-m/nofp\libg.a(lib_a-errno.o)
                              CMakeFiles/firmware_oriforce_board.elf.dir/Core/Src/syscalls.c.obj (__errno)
c:/progra~1/stmicr~1/stm32c~1/gnu-to~1/bin/../lib/gcc/arm-none-eabi/10.3.1/../../../../arm-none-eabi/lib/thumb/v6-m/nofp\libg.a(lib_a-exit.o)
                              c:/progra~1/stmicr~1/stm32c~1/gnu-to~1/bin/../lib/gcc/arm-none-eabi/10.3.1/../../../../arm-none-eabi/lib/thumb/v6-m/nofp/crt0.o (exit)
c:/progra~1/stmicr~1/stm32c~1/gnu-to~1/bin/../lib/gcc/arm-none-eabi/10.3.1/../../../../arm-none-eabi/lib/thumb/v6-m/nofp\libg.a(lib_a-impure.o)
                              c:/progra~1/stmicr~1/stm32c~1/gnu-to~1/bin/../lib/gcc/arm-none-eabi/10.3.1/../../../../arm-none-eabi/lib/thumb/v6-m/nofp\libg.a(lib_a-exit.o) (_global_impure_ptr)
c:/progra~1/stmicr~1/stm32c~1/gnu-to~1/bin/../lib/gcc/arm-none-eabi/10.3.1/../../../../arm-none-eabi/lib/thumb/v6-m/nofp\libg.a(lib_a-init.o)
                              c:/progra~1/stmicr~1/stm32c~1/gnu-to~1/bin/../lib/gcc/arm-none-eabi/10.3.1/../../../../arm-none-eabi/lib/thumb/v6-m/nofp/crt0.o (__libc_init_array)
c:/progra~1/stmicr~1/stm32c~1/gnu-to~1/bin/../lib/gcc/arm-none-eabi/10.3.1/../../../../arm-none-eabi/lib/thumb/v6-m/nofp\libg.a(lib_a-memset.o)
                              c:/progra~1/stmicr~1/stm32c~1/gnu-to~1/bin/../lib/gcc/arm-none-eabi/10.3.1/../../../../arm-none-eabi/lib/thumb/v6-m/nofp/crt0.o (memset)
[...]
Memory Configuration

Name             Origin             Length             Attributes
RAM              0x20000000         0x00002000         xrw
FLASH            0x08000000         0x00010000         xr
*default*        0x00000000         0xffffffff

Linker script and memory map

LOAD c:/progra~1/stmicr~1/stm32c~1/gnu-to~1/bin/../lib/gcc/arm-none-eabi/10.3.1/thumb/v6-m/nofp/crti.o
LOAD c:/progra~1/stmicr~1/stm32c~1/gnu-to~1/bin/../lib/gcc/arm-none-eabi/10.3.1/thumb/v6-m/nofp/crtbegin.o
LOAD c:/progra~1/stmicr~1/stm32c~1/gnu-to~1/bin/../lib/gcc/arm-none-eabi/10.3.1/../../../../arm-none-eabi/lib/thumb/v6-m/nofp/crt0.o
LOAD CMakeFiles/firmware_oriforce_board.elf.dir/Core/Src/crc8.c.obj
LOAD CMakeFiles/firmware_oriforce_board.elf.dir/Core/Src/ldc1614.c.obj
LOAD CMakeFiles/firmware_oriforce_board.elf.dir/Core/Src/led.c.obj
LOAD CMakeFiles/firmware_oriforce_board.elf.dir/Core/Src/main.c.obj
LOAD CMakeFiles/firmware_oriforce_board.elf.dir/Core/Src/stm32g0xx_hal_msp.c.obj
LOAD CMakeFiles/firmware_oriforce_board.elf.dir/Core/Src/stm32g0xx_it.c.obj
LOAD CMakeFiles/firmware_oriforce_board.elf.dir/Core/Src/syscalls.c.obj
LOAD CMakeFiles/firmware_oriforce_board.elf.dir/Core/Src/sysmem.c.obj
LOAD CMakeFiles/firmware_oriforce_board.elf.dir/Core/Src/system_stm32g0xx.c.obj
LOAD CMakeFiles/firmware_oriforce_board.elf.dir/Core/Startup/startup_stm32g031g8ux.s.obj
LOAD CMakeFiles/firmware_oriforce_board.elf.dir/Drivers/STM32G0xx_HAL_Driver/Src/stm32g0xx_hal.c.obj
LOAD CMakeFiles/firmware_oriforce_board.elf.dir/Drivers/STM32G0xx_HAL_Driver/Src/stm32g0xx_hal_cortex.c.obj
LOAD CMakeFiles/firmware_oriforce_board.elf.dir/Drivers/STM32G0xx_HAL_Driver/Src/stm32g0xx_hal_dma.c.obj
LOAD CMakeFiles/firmware_oriforce_board.elf.dir/Drivers/STM32G0xx_HAL_Driver/Src/stm32g0xx_hal_dma_ex.c.obj
LOAD CMakeFiles/firmware_oriforce_board.elf.dir/Drivers/STM32G0xx_HAL_Driver/Src/stm32g0xx_hal_exti.c.obj
LOAD CMakeFiles/firmware_oriforce_board.elf.dir/Drivers/STM32G0xx_HAL_Driver/Src/stm32g0xx_hal_flash.c.obj
LOAD CMakeFiles/firmware_oriforce_board.elf.dir/Drivers/STM32G0xx_HAL_Driver/Src/stm32g0xx_hal_flash_ex.c.obj
LOAD CMakeFiles/firmware_oriforce_board.elf.dir/Drivers/STM32G0xx_HAL_Driver/Src/stm32g0xx_hal_gpio.c.obj
LOAD CMakeFiles/firmware_oriforce_board.elf.dir/Drivers/STM32G0xx_HAL_Driver/Src/stm32g0xx_hal_i2c.c.obj
LOAD CMakeFiles/firmware_oriforce_board.elf.dir/Drivers/STM32G0xx_HAL_Driver/Src/stm32g0xx_hal_i2c_ex.c.obj
LOAD CMakeFiles/firmware_oriforce_board.elf.dir/Drivers/STM32G0xx_HAL_Driver/Src/stm32g0xx_hal_pwr.c.obj
LOAD CMakeFiles/firmware_oriforce_board.elf.dir/Drivers/STM32G0xx_HAL_Driver/Src/stm32g0xx_hal_pwr_ex.c.obj
LOAD CMakeFiles/firmware_oriforce_board.elf.dir/Drivers/STM32G0xx_HAL_Driver/Src/stm32g0xx_hal_rcc.c.obj
LOAD CMakeFiles/firmware_oriforce_board.elf.dir/Drivers/STM32G0xx_HAL_Driver/Src/stm32g0xx_hal_rcc_ex.c.obj
LOAD CMakeFiles/firmware_oriforce_board.elf.dir/Drivers/STM32G0xx_HAL_Driver/Src/stm32g0xx_hal_tim.c.obj
LOAD CMakeFiles/firmware_oriforce_board.elf.dir/Drivers/STM32G0xx_HAL_Driver/Src/stm32g0xx_hal_tim_ex.c.obj
LOAD CMakeFiles/firmware_oriforce_board.elf.dir/Drivers/STM32G0xx_HAL_Driver/Src/stm32g0xx_hal_uart.c.obj
LOAD CMakeFiles/firmware_oriforce_board.elf.dir/Drivers/STM32G0xx_HAL_Driver/Src/stm32g0xx_hal_uart_ex.c.obj
LOAD CMakeFiles/firmware_oriforce_board.elf.dir/Drivers/STM32G0xx_HAL_Driver/Src/stm32g0xx_ll_dma.c.obj
LOAD CMakeFiles/firmware_oriforce_board.elf.dir/Drivers/STM32G0xx_HAL_Driver/Src/stm32g0xx_ll_rcc.c.obj
START GROUP
LOAD c:/progra~1/stmicr~1/stm32c~1/gnu-to~1/bin/../lib/gcc/arm-none-eabi/10.3.1/thumb/v6-m/nofp\libgcc.a
LOAD c:/progra~1/stmicr~1/stm32c~1/gnu-to~1/bin/../lib/gcc/arm-none-eabi/10.3.1/../../../../arm-none-eabi/lib/thumb/v6-m/nofp\libg.a
LOAD c:/progra~1/stmicr~1/stm32c~1/gnu-to~1/bin/../lib/gcc/arm-none-eabi/10.3.1/../../../../arm-none-eabi/lib/thumb/v6-m/nofp\libc.a
END GROUP
LOAD c:/progra~1/stmicr~1/stm32c~1/gnu-to~1/bin/../lib/gcc/arm-none-eabi/10.3.1/thumb/v6-m/nofp/crtend.o
LOAD c:/progra~1/stmicr~1/stm32c~1/gnu-to~1/bin/../lib/gcc/arm-none-eabi/10.3.1/thumb/v6-m/nofp/crtn.o
                0x20002000                _estack = (ORIGIN (RAM) + LENGTH (RAM))
                0x00000200                _Min_Heap_Size = 0x200
                0x00000400                _Min_Stack_Size = 0x400

.isr_vector     0x08000000       0xbc
                0x08000000                . = ALIGN (0x4)
 *(.isr_vector)
 .isr_vector    0x08000000       0xbc CMakeFiles/firmware_oriforce_board.elf.dir/Core/Startup/startup_stm32g031g8ux.s.obj
                0x08000000                g_pfnVectors
                0x080000bc                . = ALIGN (0x4)

.text           0x080000bc     0xc318
                0x080000bc                . = ALIGN (0x4)
 *(.text)
 .text          0x080000bc       0x48 c:/progra~1/stmicr~1/stm32c~1/gnu-to~1/bin/../lib/gcc/arm-none-eabi/10.3.1/thumb/v6-m/nofp/crtbegin.o
 .text          0x08000104      0x114 c:/progra~1/stmicr~1/stm32c~1/gnu-to~1/bin/../lib/gcc/arm-none-eabi/10.3.1/thumb/v6-m/nofp\libgcc.a(_udivsi3.o)
                0x08000104                __aeabi_uidiv
                0x08000104                __udivsi3
                0x08000210                __aeabi_uidivmod
 .text          0x08000218      0x1d4 c:/progra~1/stmicr~1/stm32c~1/gnu-to~1/bin/../lib/gcc/arm-none-eabi/10.3.1/thumb/v6-m/nofp\libgcc.a(_divsi3.o)
                0x08000218                __divsi3
                0x08000218                __aeabi_idiv
                0x080003e4                __aeabi_idivmod
 .text          0x080003ec        0x4 c:/progra~1/stmicr~1/stm32c~1/gnu-to~1/bin/../lib/gcc/arm-none-eabi/10.3.1/thumb/v6-m/nofp\libgcc.a(_dvmd_tls.o)
                0x080003ec                __aeabi_idiv0
                0x080003ec                __aeabi_ldiv0
 .text          0x080003f0       0x40 c:/progra~1/stmicr~1/stm32c~1/gnu-to~1/bin/../lib/gcc/arm-none-eabi/10.3.1/thumb/v6-m/nofp\libgcc.a(_aeabi_uldivmod.o)
                0x080003f0                __aeabi_uldivmod
 .text          0x08000430      0x198 c:/progra~1/stmicr~1/stm32c~1/gnu-to~1/bin/../lib/gcc/arm-none-eabi/10.3.1/thumb/v6-m/nofp\libgcc.a(_udivmoddi4.o)
                0x08000430                __udivmoddi4
 .text          0x080005c8      0x33c c:/progra~1/stmicr~1/stm32c~1/gnu-to~1/bin/../lib/gcc/arm-none-eabi/10.3.1/thumb/v6-m/nofp\libgcc.a(addsf3.o)
                0x080005c8                __aeabi_fadd
 .text          0x08000904      0x24c c:/progra~1/stmicr~1/stm32c~1/gnu-to~1/bin/../lib/gcc/arm-none-eabi/10.3.1/thumb/v6-m/nofp\libgcc.a(mulsf3.o)
                0x08000904                __aeabi_fmul
 .text          0x08000b50       0x84 c:/progra~1/stmicr~1/stm32c~1/gnu-to~1/bin/../lib/gcc/arm-none-eabi/10.3.1/thumb/v6-m/nofp\libgcc.a(floatunsisf.o)
                0x08000b50                __aeabi_ui2f
 .text          0x08000bd4      0x5ec c:/progra~1/stmicr~1/stm32c~1/gnu-to~1/bin/../lib/gcc/arm-none-eabi/10.3.1/thumb/v6-m/nofp\libgcc.a(divdf3.o)
                0x08000bd4                __aeabi_ddiv
 .text          0x080011c0      0x4d8 c:/progra~1/stmicr~1/stm32c~1/gnu-to~1/bin/../lib/gcc/arm-none-eabi/10.3.1/thumb/v6-m/nofp\libgcc.a(muldf3.o)
                0x080011c0                __aeabi_dmul
 .text          0x08001698       0x90 c:/progra~1/stmicr~1/stm32c~1/gnu-to~1/bin/../lib/gcc/arm-none-eabi/10.3.1/thumb/v6-m/nofp\libgcc.a(extendsfdf2.o)
                0x08001698                __aeabi_f2d
 .text          0x08001728      0x110 c:/progra~1/stmicr~1/stm32c~1/gnu-to~1/bin/../lib/gcc/arm-none-eabi/10.3.1/thumb/v6-m/nofp\libgcc.a(truncdfsf2.o)
                0x08001728                __aeabi_d2f
 .text          0x08001838       0x3c c:/progra~1/stmicr~1/stm32c~1/gnu-to~1/bin/../lib/gcc/arm-none-eabi/10.3.1/thumb/v6-m/nofp\libgcc.a(_clzsi2.o)
                0x08001838                __clzsi2
 .text          0x08001874       0x18 c:/progra~1/stmicr~1/stm32c~1/gnu-to~1/bin/../lib/gcc/arm-none-eabi/10.3.1/thumb/v6-m/nofp\libgcc.a(_clzdi2.o)
                0x08001874                __clzdi2
 .text          0x0800188c       0x7c c:/progra~1/stmicr~1/stm32c~1/gnu-to~1/bin/../lib/gcc/arm-none-eabi/10.3.1/thumb/v6-m/nofp\libgcc.a(_arm_cmpdf2.o)
                0x0800188c                __aeabi_cdrcmple
                0x0800189c                __aeabi_cdcmple
                0x0800189c                __aeabi_cdcmpeq
                0x080018ac                __aeabi_dcmpeq
                0x080018b8                __aeabi_dcmplt
                0x080018cc                __aeabi_dcmple
                0x080018e0                __aeabi_dcmpgt
                0x080018f4                __aeabi_dcmpge
 .text          0x08001908      0x678 c:/progra~1/stmicr~1/stm32c~1/gnu-to~1/bin/../lib/gcc/arm-none-eabi/10.3.1/thumb/v6-m/nofp\libgcc.a(adddf3.o)
                0x08001908                __aeabi_dadd
 .text          0x08001f80       0x84 c:/progra~1/stmicr~1/stm32c~1/gnu-to~1/bin/../lib/gcc/arm-none-eabi/10.3.1/thumb/v6-m/nofp\libgcc.a(eqdf2.o)
                0x08001f80                __nedf2
                0x08001f80                __eqdf2
 .text          0x08002004       0xcc c:/progra~1/stmicr~1/stm32c~1/gnu-to~1/bin/../lib/gcc/arm-none-eabi/10.3.1/thumb/v6-m/nofp\libgcc.a(gedf2.o)
                0x08002004                __gedf2
                0x08002004                __gtdf2
 .text          0x080020d0       0xc8 c:/progra~1/stmicr~1/stm32c~1/gnu-to~1/bin/../lib/gcc/arm-none-eabi/10.3.1/thumb/v6-m/nofp\libgcc.a(ledf2.o)
                0x080020d0                __ledf2
                0x080020d0                __ltdf2
 .text          0x08002198      0x724 c:/progra~1/stmicr~1/stm32c~1/gnu-to~1/bin/../lib/gcc/arm-none-eabi/10.3.1/thumb/v6-m/nofp\libgcc.a(subdf3.o)
                0x08002198                __aeabi_dsub
 .text          0x080028bc       0x3c c:/progra~1/stmicr~1/stm32c~1/gnu-to~1/bin/../lib/gcc/arm-none-eabi/10.3.1/thumb/v6-m/nofp\libgcc.a(unorddf2.o)
                0x080028bc                __aeabi_dcmpun
 .text          0x080028f8       0x6c c:/progra~1/stmicr~1/stm32c~1/gnu-to~1/bin/../lib/gcc/arm-none-eabi/10.3.1/thumb/v6-m/nofp\libgcc.a(fixdfsi.o)
                0x080028f8                __aeabi_d2iz
 .text          0x08002964       0x60 c:/progra~1/stmicr~1/stm32c~1/gnu-to~1/bin/../lib/gcc/arm-none-eabi/10.3.1/thumb/v6-m/nofp\libgcc.a(floatsidf.o)
                0x08002964                __aeabi_i2d
 .text          0x080029c4       0x4c c:/progra~1/stmicr~1/stm32c~1/gnu-to~1/bin/../lib/gcc/arm-none-eabi/10.3.1/thumb/v6-m/nofp\libgcc.a(floatunsidf.o)
                0x080029c4                __aeabi_ui2d
 *(.text*)
 .text.ldc1614_writeWord
                0x08002a10       0x30 CMakeFiles/firmware_oriforce_board.elf.dir/Core/Src/ldc1614.c.obj
                0x08002a10                ldc1614_writeWord
 .text.ldc1614_readWord
                0x08002a40       0x3c CMakeFiles/firmware_oriforce_board.elf.dir/Core/Src/ldc1614.c.obj
                0x08002a40                ldc1614_readWord
 .text.ldc1614_init
                0x08002a7c       0xb0 CMakeFiles/firmware_oriforce_board.elf.dir/Core/Src/ldc1614.c.obj
                0x08002a7c                ldc1614_init
 .text.ldc1614_processDRDY
                0x08002b2c       0x3c CMakeFiles/firmware_oriforce_board.elf.dir/Core/Src/ldc1614.c.obj
                0x08002b2c                ldc1614_processDRDY
 .text.ldc1614_readFreq
                0x08002b68       0x8c CMakeFiles/firmware_oriforce_board.elf.dir/Core/Src/ldc1614.c.obj
                0x08002b68                ldc1614_readFreq
 .text.ldc1614_readInductance
                0x08002bf4       0x40 CMakeFiles/firmware_oriforce_board.elf.dir/Core/Src/ldc1614.c.obj
                0x08002bf4                ldc1614_readInductance
 .text.led_status
                0x08002c34       0xc8 CMakeFiles/firmware_oriforce_board.elf.dir/Core/Src/led.c.obj
                0x08002c34                led_status
 .text.MX_GPIO_Init
                0x08002cfc       0xa0 CMakeFiles/firmware_oriforce_board.elf.dir/Core/Src/main.c.obj
 .text.HAL_TIM_PeriodElapsedCallback
                0x08002d9c       0x18 CMakeFiles/firmware_oriforce_board.elf.dir/Core/Src/main.c.obj
                0x08002d9c                HAL_TIM_PeriodElapsedCallback
 .text.HAL_UART_RxCpltCallback
                0x08002db4       0x40 CMakeFiles/firmware_oriforce_board.elf.dir/Core/Src/main.c.obj
                0x08002db4                HAL_UART_RxCpltCallback
 .text.Error_Handler
                0x08002df4        0x4 CMakeFiles/firmware_oriforce_board.elf.dir/Core/Src/main.c.obj
                0x08002df4                Error_Handler
 .text.MX_I2C1_Init
                0x08002df8       0x58 CMakeFiles/firmware_oriforce_board.elf.dir/Core/Src/main.c.obj
 .text.MX_LPUART1_UART_Init
                0x08002e50       0x68 CMakeFiles/firmware_oriforce_board.elf.dir/Core/Src/main.c.obj
 .text.MX_TIM2_Init
                0x08002eb8       0x74 CMakeFiles/firmware_oriforce_board.elf.dir/Core/Src/main.c.obj
 .text.SystemClock_Config
                0x08002f2c       0x7e CMakeFiles/firmware_oriforce_board.elf.dir/Core/Src/main.c.obj
                0x08002f2c                SystemClock_Config
 *fill*         0x08002faa        0x2 
 .text.main     0x08002fac       0xe4 CMakeFiles/firmware_oriforce_board.elf.dir/Core/Src/main.c.obj
                0x08002fac                main
 .text.HAL_MspInit
                0x08003090       0x30 CMakeFiles/firmware_oriforce_board.elf.dir/Core/Src/stm32g0xx_hal_msp.c.obj
                0x08003090                HAL_MspInit
 .text.HAL_I2C_MspInit
                0x080030c0       0x88 CMakeFiles/firmware_oriforce_board.elf.dir/Core/Src/stm32g0xx_hal_msp.c.obj
                0x080030c0                HAL_I2C_MspInit
 .text.HAL_UART_MspInit
                0x08003148       0x94 CMakeFiles/firmware_oriforce_board.elf.dir/Core/Src/stm32g0xx_hal_msp.c.obj
                0x08003148                HAL_UART_MspInit
 .text.HAL_TIM_Base_MspInit
                0x080031dc       0x3c CMakeFiles/firmware_oriforce_board.elf.dir/Core/Src/stm32g0xx_hal_msp.c.obj
                0x080031dc                HAL_TIM_Base_MspInit
 .text.NMI_Handler
                0x08003218        0x2 CMakeFiles/firmware_oriforce_board.elf.dir/Core/Src/stm32g0xx_it.c.obj
                0x08003218                NMI_Handler
 .text.HardFault_Handler
                0x0800321a        0x2 CMakeFiles/firmware_oriforce_board.elf.dir/Core/Src/stm32g0xx_it.c.obj
                0x0800321a                HardFault_Handler
 .text.SVC_Handler
                0x0800321c        0x2 CMakeFiles/firmware_oriforce_board.elf.dir/Core/Src/stm32g0xx_it.c.obj
                0x0800321c                SVC_Handler
 .text.PendSV_Handler
                0x0800321e        0x2 CMakeFiles/firmware_oriforce_board.elf.dir/Core/Src/stm32g0xx_it.c.obj
                0x0800321e                PendSV_Handler
 .text.SysTick_Handler
                0x08003220        0x8 CMakeFiles/firmware_oriforce_board.elf.dir/Core/Src/stm32g0xx_it.c.obj
                0x08003220                SysTick_Handler
 .text.EXTI4_15_IRQHandler
                0x08003228        0xa CMakeFiles/firmware_oriforce_board.elf.dir/Core/Src/stm32g0xx_it.c.obj
                0x08003228                EXTI4_15_IRQHandler
 *fill*         0x08003232        0x2 
 .text.TIM2_IRQHandler
                0x08003234       0x10 CMakeFiles/firmware_oriforce_board.elf.dir/Core/Src/stm32g0xx_it.c.obj
                0x08003234                TIM2_IRQHandler
 .text.LPUART1_IRQHandler
                0x08003244       0x10 CMakeFiles/firmware_oriforce_board.elf.dir/Core/Src/stm32g0xx_it.c.obj
                0x08003244                LPUART1_IRQHandler
 .text._getpid  0x08003254        0x4 CMakeFiles/firmware_oriforce_board.elf.dir/Core/Src/syscalls.c.obj
                0x08003254                _getpid
 .text._kill    0x08003258       0x10 CMakeFiles/firmware_oriforce_board.elf.dir/Core/Src/syscalls.c.obj
                0x08003258                _kill
 .text._exit    0x08003268        0xc CMakeFiles/firmware_oriforce_board.elf.dir/Core/Src/syscalls.c.obj
                0x08003268                _exit
 .text._read    0x08003274       0x1c CMakeFiles/firmware_oriforce_board.elf.dir/Core/Src/syscalls.c.obj
                0x08003274                _read
 .text._write   0x08003290       0x1c CMakeFiles/firmware_oriforce_board.elf.dir/Core/Src/syscalls.c.obj
                0x08003290                _write
 .text._close   0x080032ac        0x6 CMakeFiles/firmware_oriforce_board.elf.dir/Core/Src/syscalls.c.obj
                0x080032ac                _close
 .text._fstat   0x080032b2        0xa CMakeFiles/firmware_oriforce_board.elf.dir/Core/Src/syscalls.c.obj
                0x080032b2                _fstat
 .text._isatty  0x080032bc        0x4 CMakeFiles/firmware_oriforce_board.elf.dir/Core/Src/syscalls.c.obj
                0x080032bc                _isatty
 .text._lseek   0x080032c0        0x4 CMakeFiles/firmware_oriforce_board.elf.dir/Core/Src/syscalls.c.obj
                0x080032c0                _lseek
 .text._sbrk    0x080032c4       0x48 CMakeFiles/firmware_oriforce_board.elf.dir/Core/Src/sysmem.c.obj
                0x080032c4                _sbrk
 .text.SystemInit
                0x0800330c        0x2 CMakeFiles/firmware_oriforce_board.elf.dir/Core/Src/system_stm32g0xx.c.obj
                0x0800330c                SystemInit
 *fill*         0x0800330e        0x2 
 .text.Reset_Handler
                0x08003310       0x50 CMakeFiles/firmware_oriforce_board.elf.dir/Core/Startup/startup_stm32g031g8ux.s.obj
                0x08003310                Reset_Handler
 .text.Default_Handler
                0x08003360        0x2 CMakeFiles/firmware_oriforce_board.elf.dir/Core/Startup/startup_stm32g031g8ux.s.obj
                0x08003360                TIM1_CC_IRQHandler
                0x08003360                PVD_IRQHandler
                0x08003360                I2C1_IRQHandler
                0x08003360                LPTIM2_IRQHandler
                0x08003360                RTC_TAMP_IRQHandler
                0x08003360                SPI1_IRQHandler
                0x08003360                DMA1_Ch4_5_DMAMUX1_OVR_IRQHandler
                0x08003360                EXTI2_3_IRQHandler
                0x08003360                ADC1_IRQHandler
                0x08003360                I2C2_IRQHandler
                0x08003360                TIM17_IRQHandler
                0x08003360                TIM16_IRQHandler
                0x08003360                TIM3_IRQHandler
                0x08003360                RCC_IRQHandler
                0x08003360                DMA1_Channel1_IRQHandler
                0x08003360                Default_Handler
                0x08003360                TIM14_IRQHandler
                0x08003360                EXTI0_1_IRQHandler
                0x08003360                SPI2_IRQHandler
                0x08003360                WWDG_IRQHandler
                0x08003360                DMA1_Channel2_3_IRQHandler
                0x08003360                USART2_IRQHandler
                0x08003360                FLASH_IRQHandler
                0x08003360                USART1_IRQHandler
                0x08003360                TIM1_BRK_UP_TRG_COM_IRQHandler
                0x08003360                LPTIM1_IRQHandler
 *fill*         0x08003362        0x2 
 .text.HAL_InitTick
                0x08003364       0x58 CMakeFiles/firmware_oriforce_board.elf.dir/Drivers/STM32G0xx_HAL_Driver/Src/stm32g0xx_hal.c.obj
                0x08003364                HAL_InitTick
 .text.HAL_Init
                0x080033bc       0x28 CMakeFiles/firmware_oriforce_board.elf.dir/Drivers/STM32G0xx_HAL_Driver/Src/stm32g0xx_hal.c.obj
                0x080033bc                HAL_Init
 .text.HAL_IncTick
                0x080033e4       0x18 CMakeFiles/firmware_oriforce_board.elf.dir/Drivers/STM32G0xx_HAL_Driver/Src/stm32g0xx_hal.c.obj
                0x080033e4                HAL_IncTick
 .text.HAL_GetTick
                0x080033fc        0xc CMakeFiles/firmware_oriforce_board.elf.dir/Drivers/STM32G0xx_HAL_Driver/Src/stm32g0xx_hal.c.obj
                0x080033fc                HAL_GetTick
 .text.HAL_NVIC_SetPriority
                0x08003408       0x60 CMakeFiles/firmware_oriforce_board.elf.dir/Drivers/STM32G0xx_HAL_Driver/Src/stm32g0xx_hal_cortex.c.obj
                0x08003408                HAL_NVIC_SetPriority
 .text.HAL_NVIC_EnableIRQ
                0x08003468       0x18 CMakeFiles/firmware_oriforce_board.elf.dir/Drivers/STM32G0xx_HAL_Driver/Src/stm32g0xx_hal_cortex.c.obj
                0x08003468                HAL_NVIC_EnableIRQ
 .text.HAL_SYSTICK_Config
                0x08003480       0x38 CMakeFiles/firmware_oriforce_board.elf.dir/Drivers/STM32G0xx_HAL_Driver/Src/stm32g0xx_hal_cortex.c.obj
                0x08003480                HAL_SYSTICK_Config
 .text.HAL_DMA_Abort
                0x080034b8       0x80 CMakeFiles/firmware_oriforce_board.elf.dir/Drivers/STM32G0xx_HAL_Driver/Src/stm32g0xx_hal_dma.c.obj
                0x080034b8                HAL_DMA_Abort
 .text.HAL_DMA_Abort_IT
                0x08003538       0x80 CMakeFiles/firmware_oriforce_board.elf.dir/Drivers/STM32G0xx_HAL_Driver/Src/stm32g0xx_hal_dma.c.obj
                0x08003538                HAL_DMA_Abort_IT
 .text.HAL_GPIO_Init
                0x080035b8      0x178 CMakeFiles/firmware_oriforce_board.elf.dir/Drivers/STM32G0xx_HAL_Driver/Src/stm32g0xx_hal_gpio.c.obj
                0x080035b8                HAL_GPIO_Init
 .text.HAL_GPIO_WritePin
                0x08003730        0xc CMakeFiles/firmware_oriforce_board.elf.dir/Drivers/STM32G0xx_HAL_Driver/Src/stm32g0xx_hal_gpio.c.obj
                0x08003730                HAL_GPIO_WritePin
 .text.HAL_GPIO_EXTI_Rising_Callback
                0x0800373c        0x2 CMakeFiles/firmware_oriforce_board.elf.dir/Drivers/STM32G0xx_HAL_Driver/Src/stm32g0xx_hal_gpio.c.obj
                0x0800373c                HAL_GPIO_EXTI_Rising_Callback
 .text.HAL_GPIO_EXTI_Falling_Callback
                0x0800373e        0x2 CMakeFiles/firmware_oriforce_board.elf.dir/Drivers/STM32G0xx_HAL_Driver/Src/stm32g0xx_hal_gpio.c.obj
                0x0800373e                HAL_GPIO_EXTI_Falling_Callback
 .text.HAL_GPIO_EXTI_IRQHandler
                0x08003740       0x30 CMakeFiles/firmware_oriforce_board.elf.dir/Drivers/STM32G0xx_HAL_Driver/Src/stm32g0xx_hal_gpio.c.obj
                0x08003740                HAL_GPIO_EXTI_IRQHandler
 .text.I2C_Flush_TXDR
                0x08003770       0x1e CMakeFiles/firmware_oriforce_board.elf.dir/Drivers/STM32G0xx_HAL_Driver/Src/stm32g0xx_hal_i2c.c.obj
 *fill*         0x0800378e        0x2 
 .text.I2C_TransferConfig
                0x08003790       0x30 CMakeFiles/firmware_oriforce_board.elf.dir/Drivers/STM32G0xx_HAL_Driver/Src/stm32g0xx_hal_i2c.c.obj
 .text.I2C_IsErrorOccurred
                0x080037c0      0x118 CMakeFiles/firmware_oriforce_board.elf.dir/Drivers/STM32G0xx_HAL_Driver/Src/stm32g0xx_hal_i2c.c.obj
 .text.I2C_WaitOnTXISFlagUntilTimeout
                0x080038d8       0x52 CMakeFiles/firmware_oriforce_board.elf.dir/Drivers/STM32G0xx_HAL_Driver/Src/stm32g0xx_hal_i2c.c.obj
 .text.I2C_WaitOnFlagUntilTimeout
                0x0800392a       0x54 CMakeFiles/firmware_oriforce_board.elf.dir/Drivers/STM32G0xx_HAL_Driver/Src/stm32g0xx_hal_i2c.c.obj
 *fill*         0x0800397e        0x2 
 .text.I2C_RequestMemoryWrite
                0x08003980       0x78 CMakeFiles/firmware_oriforce_board.elf.dir/Drivers/STM32G0xx_HAL_Driver/Src/stm32g0xx_hal_i2c.c.obj
 .text.I2C_RequestMemoryRead
                0x080039f8       0x74 CMakeFiles/firmware_oriforce_board.elf.dir/Drivers/STM32G0xx_HAL_Driver/Src/stm32g0xx_hal_i2c.c.obj
 .text.I2C_WaitOnSTOPFlagUntilTimeout
                0x08003a6c       0x4e CMakeFiles/firmware_oriforce_board.elf.dir/Drivers/STM32G0xx_HAL_Driver/Src/stm32g0xx_hal_i2c.c.obj
 *fill*         0x08003aba        0x2 
 .text.HAL_I2C_Init
                0x08003abc       0xcc CMakeFiles/firmware_oriforce_board.elf.dir/Drivers/STM32G0xx_HAL_Driver/Src/stm32g0xx_hal_i2c.c.obj
                0x08003abc                HAL_I2C_Init
 .text.HAL_I2C_Mem_Write
                0x08003b88      0x1a0 CMakeFiles/firmware_oriforce_board.elf.dir/Drivers/STM32G0xx_HAL_Driver/Src/stm32g0xx_hal_i2c.c.obj
                0x08003b88                HAL_I2C_Mem_Write
 .text.HAL_I2C_Mem_Read
                0x08003d28      0x1a8 CMakeFiles/firmware_oriforce_board.elf.dir/Drivers/STM32G0xx_HAL_Driver/Src/stm32g0xx_hal_i2c.c.obj
                0x08003d28                HAL_I2C_Mem_Read
 .text.HAL_I2CEx_ConfigAnalogFilter
                0x08003ed0       0x58 CMakeFiles/firmware_oriforce_board.elf.dir/Drivers/STM32G0xx_HAL_Driver/Src/stm32g0xx_hal_i2c_ex.c.obj
                0x08003ed0                HAL_I2CEx_ConfigAnalogFilter
 .text.HAL_I2CEx_ConfigDigitalFilter
                0x08003f28       0x54 CMakeFiles/firmware_oriforce_board.elf.dir/Drivers/STM32G0xx_HAL_Driver/Src/stm32g0xx_hal_i2c_ex.c.obj
                0x08003f28                HAL_I2CEx_ConfigDigitalFilter
 .text.HAL_PWREx_ControlVoltageScaling
                0x08003f7c       0x54 CMakeFiles/firmware_oriforce_board.elf.dir/Drivers/STM32G0xx_HAL_Driver/Src/stm32g0xx_hal_pwr_ex.c.obj
                0x08003f7c                HAL_PWREx_ControlVoltageScaling
 .text.HAL_RCC_OscConfig
                0x08003fd0      0x4b8 CMakeFiles/firmware_oriforce_board.elf.dir/Drivers/STM32G0xx_HAL_Driver/Src/stm32g0xx_hal_rcc.c.obj
                0x08003fd0                HAL_RCC_OscConfig
 .text.HAL_RCC_GetSysClockFreq
                0x08004488       0xb8 CMakeFiles/firmware_oriforce_board.elf.dir/Drivers/STM32G0xx_HAL_Driver/Src/stm32g0xx_hal_rcc.c.obj
                0x08004488                HAL_RCC_GetSysClockFreq
 .text.HAL_RCC_ClockConfig
                0x08004540      0x18c CMakeFiles/firmware_oriforce_board.elf.dir/Drivers/STM32G0xx_HAL_Driver/Src/stm32g0xx_hal_rcc.c.obj
                0x08004540                HAL_RCC_ClockConfig
 .text.HAL_RCC_GetHCLKFreq
                0x080046cc        0xc CMakeFiles/firmware_oriforce_board.elf.dir/Drivers/STM32G0xx_HAL_Driver/Src/stm32g0xx_hal_rcc.c.obj
                0x080046cc                HAL_RCC_GetHCLKFreq
 .text.HAL_RCC_GetPCLK1Freq
                0x080046d8       0x28 CMakeFiles/firmware_oriforce_board.elf.dir/Drivers/STM32G0xx_HAL_Driver/Src/stm32g0xx_hal_rcc.c.obj
                0x080046d8                HAL_RCC_GetPCLK1Freq
 .text.HAL_RCCEx_PeriphCLKConfig
                0x08004700      0x1f4 CMakeFiles/firmware_oriforce_board.elf.dir/Drivers/STM32G0xx_HAL_Driver/Src/stm32g0xx_hal_rcc_ex.c.obj
                0x08004700                HAL_RCCEx_PeriphCLKConfig
 .text.TIM_TI1_ConfigInputStage
                0x080048f4       0x22 CMakeFiles/firmware_oriforce_board.elf.dir/Drivers/STM32G0xx_HAL_Driver/Src/stm32g0xx_hal_tim.c.obj
 *fill*         0x08004916        0x2 
 .text.TIM_TI2_ConfigInputStage
                0x08004918       0x28 CMakeFiles/firmware_oriforce_board.elf.dir/Drivers/STM32G0xx_HAL_Driver/Src/stm32g0xx_hal_tim.c.obj
 .text.TIM_ITRx_SetConfig
                0x08004940       0x14 CMakeFiles/firmware_oriforce_board.elf.dir/Drivers/STM32G0xx_HAL_Driver/Src/stm32g0xx_hal_tim.c.obj
 .text.HAL_TIM_Base_Start_IT
                0x08004954       0x70 CMakeFiles/firmware_oriforce_board.elf.dir/Drivers/STM32G0xx_HAL_Driver/Src/stm32g0xx_hal_tim.c.obj
                0x08004954                HAL_TIM_Base_Start_IT
 .text.HAL_TIM_Base_Stop_IT
                0x080049c4       0x38 CMakeFiles/firmware_oriforce_board.elf.dir/Drivers/STM32G0xx_HAL_Driver/Src/stm32g0xx_hal_tim.c.obj
                0x080049c4                HAL_TIM_Base_Stop_IT
 .text.HAL_TIM_OC_DelayElapsedCallback
                0x080049fc        0x2 CMakeFiles/firmware_oriforce_board.elf.dir/Drivers/STM32G0xx_HAL_Driver/Src/stm32g0xx_hal_tim.c.obj
                0x080049fc                HAL_TIM_OC_DelayElapsedCallback
 .text.HAL_TIM_IC_CaptureCallback
                0x080049fe        0x2 CMakeFiles/firmware_oriforce_board.elf.dir/Drivers/STM32G0xx_HAL_Driver/Src/stm32g0xx_hal_tim.c.obj
                0x080049fe                HAL_TIM_IC_CaptureCallback
 .text.HAL_TIM_PWM_PulseFinishedCallback
                0x08004a00        0x2 CMakeFiles/firmware_oriforce_board.elf.dir/Drivers/STM32G0xx_HAL_Driver/Src/stm32g0xx_hal_tim.c.obj
                0x08004a00                HAL_TIM_PWM_PulseFinishedCallback
 .text.HAL_TIM_TriggerCallback
                0x08004a02        0x2 CMakeFiles/firmware_oriforce_board.elf.dir/Drivers/STM32G0xx_HAL_Driver/Src/stm32g0xx_hal_tim.c.obj
                0x08004a02                HAL_TIM_TriggerCallback
 .text.HAL_TIM_IRQHandler
                0x08004a04      0x178 CMakeFiles/firmware_oriforce_board.elf.dir/Drivers/STM32G0xx_HAL_Driver/Src/stm32g0xx_hal_tim.c.obj
                0x08004a04                HAL_TIM_IRQHandler
 .text.TIM_Base_SetConfig
                0x08004b7c       0x94 CMakeFiles/firmware_oriforce_board.elf.dir/Drivers/STM32G0xx_HAL_Driver/Src/stm32g0xx_hal_tim.c.obj
                0x08004b7c                TIM_Base_SetConfig
 .text.HAL_TIM_Base_Init
                0x08004c10       0x60 CMakeFiles/firmware_oriforce_board.elf.dir/Drivers/STM32G0xx_HAL_Driver/Src/stm32g0xx_hal_tim.c.obj
                0x08004c10                HAL_TIM_Base_Init
 .text.TIM_ETR_SetConfig
                0x08004c70       0x18 CMakeFiles/firmware_oriforce_board.elf.dir/Drivers/STM32G0xx_HAL_Driver/Src/stm32g0xx_hal_tim.c.obj
                0x08004c70                TIM_ETR_SetConfig
 .text.HAL_TIM_ConfigClockSource
                0x08004c88      0x108 CMakeFiles/firmware_oriforce_board.elf.dir/Drivers/STM32G0xx_HAL_Driver/Src/stm32g0xx_hal_tim.c.obj
                0x08004c88                HAL_TIM_ConfigClockSource
 .text.HAL_TIMEx_MasterConfigSynchronization
                0x08004d90       0x78 CMakeFiles/firmware_oriforce_board.elf.dir/Drivers/STM32G0xx_HAL_Driver/Src/stm32g0xx_hal_tim_ex.c.obj
                0x08004d90                HAL_TIMEx_MasterConfigSynchronization
 .text.HAL_TIMEx_CommutCallback
                0x08004e08        0x2 CMakeFiles/firmware_oriforce_board.elf.dir/Drivers/STM32G0xx_HAL_Driver/Src/stm32g0xx_hal_tim_ex.c.obj
                0x08004e08                HAL_TIMEx_CommutCallback
 .text.HAL_TIMEx_BreakCallback
                0x08004e0a        0x2 CMakeFiles/firmware_oriforce_board.elf.dir/Drivers/STM32G0xx_HAL_Driver/Src/stm32g0xx_hal_tim_ex.c.obj
                0x08004e0a                HAL_TIMEx_BreakCallback
 .text.HAL_TIMEx_Break2Callback
                0x08004e0c        0x2 CMakeFiles/firmware_oriforce_board.elf.dir/Drivers/STM32G0xx_HAL_Driver/Src/stm32g0xx_hal_tim_ex.c.obj
                0x08004e0c                HAL_TIMEx_Break2Callback
 *fill*         0x08004e0e        0x2 
 .text.UART_EndRxTransfer
                0x08004e10       0x64 CMakeFiles/firmware_oriforce_board.elf.dir/Drivers/STM32G0xx_HAL_Driver/Src/stm32g0xx_hal_uart.c.obj
 .text.HAL_UART_TxCpltCallback
                0x08004e74        0x2 CMakeFiles/firmware_oriforce_board.elf.dir/Drivers/STM32G0xx_HAL_Driver/Src/stm32g0xx_hal_uart.c.obj
                0x08004e74                HAL_UART_TxCpltCallback
 .text.UART_EndTransmit_IT
                0x08004e76       0x2a CMakeFiles/firmware_oriforce_board.elf.dir/Drivers/STM32G0xx_HAL_Driver/Src/stm32g0xx_hal_uart.c.obj
 .text.HAL_UART_ErrorCallback
                0x08004ea0        0x2 CMakeFiles/firmware_oriforce_board.elf.dir/Drivers/STM32G0xx_HAL_Driver/Src/stm32g0xx_hal_uart.c.obj
                0x08004ea0                HAL_UART_ErrorCallback
 .text.UART_DMAAbortOnError
                0x08004ea2       0x14 CMakeFiles/firmware_oriforce_board.elf.dir/Drivers/STM32G0xx_HAL_Driver/Src/stm32g0xx_hal_uart.c.obj
 .text.HAL_UARTEx_RxEventCallback
                0x08004eb6        0x2 CMakeFiles/firmware_oriforce_board.elf.dir/Drivers/STM32G0xx_HAL_Driver/Src/stm32g0xx_hal_uart.c.obj
                0x08004eb6                HAL_UARTEx_RxEventCallback
 .text.HAL_UART_IRQHandler
                0x08004eb8      0x320 CMakeFiles/firmware_oriforce_board.elf.dir/Drivers/STM32G0xx_HAL_Driver/Src/stm32g0xx_hal_uart.c.obj
                0x08004eb8                HAL_UART_IRQHandler
 .text.UART_RxISR_8BIT
                0x080051d8       0xb8 CMakeFiles/firmware_oriforce_board.elf.dir/Drivers/STM32G0xx_HAL_Driver/Src/stm32g0xx_hal_uart.c.obj
 .text.UART_RxISR_16BIT
                0x08005290       0xb4 CMakeFiles/firmware_oriforce_board.elf.dir/Drivers/STM32G0xx_HAL_Driver/Src/stm32g0xx_hal_uart.c.obj
 .text.UART_RxISR_8BIT_FIFOEN
                0x08005344      0x1ac CMakeFiles/firmware_oriforce_board.elf.dir/Drivers/STM32G0xx_HAL_Driver/Src/stm32g0xx_hal_uart.c.obj
 .text.UART_RxISR_16BIT_FIFOEN
                0x080054f0      0x1b0 CMakeFiles/firmware_oriforce_board.elf.dir/Drivers/STM32G0xx_HAL_Driver/Src/stm32g0xx_hal_uart.c.obj
 .text.UART_SetConfig
                0x080056a0      0x2b0 CMakeFiles/firmware_oriforce_board.elf.dir/Drivers/STM32G0xx_HAL_Driver/Src/stm32g0xx_hal_uart.c.obj
                0x080056a0                UART_SetConfig
 .text.UART_AdvFeatureConfig
                0x08005950       0xe0 CMakeFiles/firmware_oriforce_board.elf.dir/Drivers/STM32G0xx_HAL_Driver/Src/stm32g0xx_hal_uart.c.obj
                0x08005950                UART_AdvFeatureConfig
 .text.UART_WaitOnFlagUntilTimeout
                0x08005a30       0xe4 CMakeFiles/firmware_oriforce_board.elf.dir/Drivers/STM32G0xx_HAL_Driver/Src/stm32g0xx_hal_uart.c.obj
                0x08005a30                UART_WaitOnFlagUntilTimeout
 .text.HAL_UART_Transmit
                0x08005b14       0xf0 CMakeFiles/firmware_oriforce_board.elf.dir/Drivers/STM32G0xx_HAL_Driver/Src/stm32g0xx_hal_uart.c.obj
                0x08005b14                HAL_UART_Transmit
 .text.UART_CheckIdleState
                0x08005c04       0x74 CMakeFiles/firmware_oriforce_board.elf.dir/Drivers/STM32G0xx_HAL_Driver/Src/stm32g0xx_hal_uart.c.obj
                0x08005c04                UART_CheckIdleState
 .text.HAL_UART_Init
                0x08005c78       0x70 CMakeFiles/firmware_oriforce_board.elf.dir/Drivers/STM32G0xx_HAL_Driver/Src/stm32g0xx_hal_uart.c.obj
                0x08005c78                HAL_UART_Init
 .text.UART_Start_Receive_IT
                0x08005ce8      0x164 CMakeFiles/firmware_oriforce_board.elf.dir/Drivers/STM32G0xx_HAL_Driver/Src/stm32g0xx_hal_uart.c.obj
                0x08005ce8                UART_Start_Receive_IT
 .text.HAL_UART_Receive_IT
                0x08005e4c       0x6c CMakeFiles/firmware_oriforce_board.elf.dir/Drivers/STM32G0xx_HAL_Driver/Src/stm32g0xx_hal_uart.c.obj
                0x08005e4c                HAL_UART_Receive_IT
 .text.UARTEx_SetNbDataToProcess
                0x08005eb8       0x50 CMakeFiles/firmware_oriforce_board.elf.dir/Drivers/STM32G0xx_HAL_Driver/Src/stm32g0xx_hal_uart_ex.c.obj
 .text.HAL_UARTEx_WakeupCallback
                0x08005f08        0x2 CMakeFiles/firmware_oriforce_board.elf.dir/Drivers/STM32G0xx_HAL_Driver/Src/stm32g0xx_hal_uart_ex.c.obj
                0x08005f08                HAL_UARTEx_WakeupCallback
 .text.HAL_UARTEx_RxFifoFullCallback
                0x08005f0a        0x2 CMakeFiles/firmware_oriforce_board.elf.dir/Drivers/STM32G0xx_HAL_Driver/Src/stm32g0xx_hal_uart_ex.c.obj
                0x08005f0a                HAL_UARTEx_RxFifoFullCallback
 .text.HAL_UARTEx_TxFifoEmptyCallback
                0x08005f0c        0x2 CMakeFiles/firmware_oriforce_board.elf.dir/Drivers/STM32G0xx_HAL_Driver/Src/stm32g0xx_hal_uart_ex.c.obj
                0x08005f0c                HAL_UARTEx_TxFifoEmptyCallback
 *fill*         0x08005f0e        0x2 
 .text.HAL_UARTEx_DisableFifoMode
                0x08005f10       0x40 CMakeFiles/firmware_oriforce_board.elf.dir/Drivers/STM32G0xx_HAL_Driver/Src/stm32g0xx_hal_uart_ex.c.obj
                0x08005f10                HAL_UARTEx_DisableFifoMode
 .text.HAL_UARTEx_SetTxFifoThreshold
                0x08005f50       0x4a CMakeFiles/firmware_oriforce_board.elf.dir/Drivers/STM32G0xx_HAL_Driver/Src/stm32g0xx_hal_uart_ex.c.obj
                0x08005f50                HAL_UARTEx_SetTxFifoThreshold
 *fill*         0x08005f9a        0x2 
 .text.HAL_UARTEx_SetRxFifoThreshold
                0x08005f9c       0x50 CMakeFiles/firmware_oriforce_board.elf.dir/Drivers/STM32G0xx_HAL_Driver/Src/stm32g0xx_hal_uart_ex.c.obj
                0x08005f9c                HAL_UARTEx_SetRxFifoThreshold
 .text.__errno  0x08005fec        0xc c:/progra~1/stmicr~1/stm32c~1/gnu-to~1/bin/../lib/gcc/arm-none-eabi/10.3.1/../../../../arm-none-eabi/lib/thumb/v6-m/nofp\libg.a(lib_a-errno.o)
                0x08005fec                __errno
 .text.__libc_init_array
                0x08005ff8       0x44 c:/progra~1/stmicr~1/stm32c~1/gnu-to~1/bin/../lib/gcc/arm-none-eabi/10.3.1/../../../../arm-none-eabi/lib/thumb/v6-m/nofp\libg.a(lib_a-init.o)
                0x08005ff8                __libc_init_array
 .text.memset   0x0800603c       0xa8 c:/progra~1/stmicr~1/stm32c~1/gnu-to~1/bin/../lib/gcc/arm-none-eabi/10.3.1/../../../../arm-none-eabi/lib/thumb/v6-m/nofp\libg.a(lib_a-memset.o)
                0x0800603c                memset
 .text.sprintf  0x080060e4       0x40 c:/progra~1/stmicr~1/stm32c~1/gnu-to~1/bin/../lib/gcc/arm-none-eabi/10.3.1/../../../../arm-none-eabi/lib/thumb/v6-m/nofp\libg.a(lib_a-sprintf.o)
                0x080060e4                sprintf
 .text._svfprintf_r
                0x08006124     0x1bd4 c:/progra~1/stmicr~1/stm32c~1/gnu-to~1/bin/../lib/gcc/arm-none-eabi/10.3.1/../../../../arm-none-eabi/lib/thumb/v6-m/nofp\libg.a(lib_a-svfprintf.o)
                0x08006124                _svfprintf_r
 .text.startup.register_fini
                0x08007cf8       0x18 c:/progra~1/stmicr~1/stm32c~1/gnu-to~1/bin/../lib/gcc/arm-none-eabi/10.3.1/../../../../arm-none-eabi/lib/thumb/v6-m/nofp\libg.a(lib_a-__call_atexit.o)
 .text.atexit   0x08007d10       0x10 c:/progra~1/stmicr~1/stm32c~1/gnu-to~1/bin/../lib/gcc/arm-none-eabi/10.3.1/../../../../arm-none-eabi/lib/thumb/v6-m/nofp\libg.a(lib_a-atexit.o)
                0x08007d10                atexit
 .text.quorem   0x08007d20      0x148 c:/progra~1/stmicr~1/stm32c~1/gnu-to~1/bin/../lib/gcc/arm-none-eabi/10.3.1/../../../../arm-none-eabi/lib/thumb/v6-m/nofp\libg.a(lib_a-dtoa.o)
 .text._dtoa_r  0x08007e68      0xfbc c:/progra~1/stmicr~1/stm32c~1/gnu-to~1/bin/../lib/gcc/arm-none-eabi/10.3.1/../../../../arm-none-eabi/lib/thumb/v6-m/nofp\libg.a(lib_a-dtoa.o)
                0x08007e68                _dtoa_r
 .text.__libc_fini_array
                0x08008e24       0x28 c:/progra~1/stmicr~1/stm32c~1/gnu-to~1/bin/../lib/gcc/arm-none-eabi/10.3.1/../../../../arm-none-eabi/lib/thumb/v6-m/nofp\libg.a(lib_a-fini.o)
                0x08008e24                __libc_fini_array
 .text._malloc_trim_r
                0x08008e4c       0x9c c:/progra~1/stmicr~1/stm32c~1/gnu-to~1/bin/../lib/gcc/arm-none-eabi/10.3.1/../../../../arm-none-eabi/lib/thumb/v6-m/nofp\libg.a(lib_a-freer.o)
                0x08008e4c                _malloc_trim_r
 .text._free_r  0x08008ee8      0x1c4 c:/progra~1/stmicr~1/stm32c~1/gnu-to~1/bin/../lib/gcc/arm-none-eabi/10.3.1/../../../../arm-none-eabi/lib/thumb/v6-m/nofp\libg.a(lib_a-freer.o)
                0x08008ee8                _free_r
 .text._localeconv_r
                0x080090ac        0x8 c:/progra~1/stmicr~1/stm32c~1/gnu-to~1/bin/../lib/gcc/arm-none-eabi/10.3.1/../../../../arm-none-eabi/lib/thumb/v6-m/nofp\libg.a(lib_a-localeconv.o)
                0x080090ac                _localeconv_r
 .text.__retarget_lock_init_recursive
                0x080090b4        0x4 c:/progra~1/stmicr~1/stm32c~1/gnu-to~1/bin/../lib/gcc/arm-none-eabi/10.3.1/../../../../arm-none-eabi/lib/thumb/v6-m/nofp\libg.a(lib_a-lock.o)
                0x080090b4                __retarget_lock_init_recursive
 .text.__retarget_lock_close_recursive
                0x080090b8        0x4 c:/progra~1/stmicr~1/stm32c~1/gnu-to~1/bin/../lib/gcc/arm-none-eabi/10.3.1/../../../../arm-none-eabi/lib/thumb/v6-m/nofp\libg.a(lib_a-lock.o)
                0x080090b8                __retarget_lock_close_recursive
 .text.__retarget_lock_acquire_recursive
                0x080090bc        0x4 c:/progra~1/stmicr~1/stm32c~1/gnu-to~1/bin/../lib/gcc/arm-none-eabi/10.3.1/../../../../arm-none-eabi/lib/thumb/v6-m/nofp\libg.a(lib_a-lock.o)
                0x080090bc                __retarget_lock_acquire_recursive
 .text.__retarget_lock_release_recursive
                0x080090c0        0x4 c:/progra~1/stmicr~1/stm32c~1/gnu-to~1/bin/../lib/gcc/arm-none-eabi/10.3.1/../../../../arm-none-eabi/lib/thumb/v6-m/nofp\libg.a(lib_a-lock.o)
                0x080090c0                __retarget_lock_release_recursive
 .text._malloc_r
                0x080090c4      0x584 c:/progra~1/stmicr~1/stm32c~1/gnu-to~1/bin/../lib/gcc/arm-none-eabi/10.3.1/../../../../arm-none-eabi/lib/thumb/v6-m/nofp\libg.a(lib_a-mallocr.o)
                0x080090c4                _malloc_r
 .text.memchr   0x08009648       0x74 c:/progra~1/stmicr~1/stm32c~1/gnu-to~1/bin/../lib/gcc/arm-none-eabi/10.3.1/../../../../arm-none-eabi/lib/thumb/v6-m/nofp\libg.a(lib_a-memchr-stub.o)
                0x08009648                memchr
 .text.memcpy   0x080096bc       0xa4 c:/progra~1/stmicr~1/stm32c~1/gnu-to~1/bin/../lib/gcc/arm-none-eabi/10.3.1/../../../../arm-none-eabi/lib/thumb/v6-m/nofp\libg.a(lib_a-memcpy-stub.o)
                0x080096bc                memcpy
 .text.__malloc_lock
                0x08009760       0x10 c:/progra~1/stmicr~1/stm32c~1/gnu-to~1/bin/../lib/gcc/arm-none-eabi/10.3.1/../../../../arm-none-eabi/lib/thumb/v6-m/nofp\libg.a(lib_a-mlock.o)
                0x08009760                __malloc_lock
 .text.__malloc_unlock
                0x08009770       0x10 c:/progra~1/stmicr~1/stm32c~1/gnu-to~1/bin/../lib/gcc/arm-none-eabi/10.3.1/../../../../arm-none-eabi/lib/thumb/v6-m/nofp\libg.a(lib_a-mlock.o)
                0x08009770                __malloc_unlock
 .text._Balloc  0x08009780       0x50 c:/progra~1/stmicr~1/stm32c~1/gnu-to~1/bin/../lib/gcc/arm-none-eabi/10.3.1/../../../../arm-none-eabi/lib/thumb/v6-m/nofp\libg.a(lib_a-mprec.o)
                0x08009780                _Balloc
 .text._Bfree   0x080097d0       0x14 c:/progra~1/stmicr~1/stm32c~1/gnu-to~1/bin/../lib/gcc/arm-none-eabi/10.3.1/../../../../arm-none-eabi/lib/thumb/v6-m/nofp\libg.a(lib_a-mprec.o)
                0x080097d0                _Bfree
 .text.__multadd
                0x080097e4       0xa8 c:/progra~1/stmicr~1/stm32c~1/gnu-to~1/bin/../lib/gcc/arm-none-eabi/10.3.1/../../../../arm-none-eabi/lib/thumb/v6-m/nofp\libg.a(lib_a-mprec.o)
                0x080097e4                __multadd
 .text.__hi0bits
                0x0800988c       0x38 c:/progra~1/stmicr~1/stm32c~1/gnu-to~1/bin/../lib/gcc/arm-none-eabi/10.3.1/../../../../arm-none-eabi/lib/thumb/v6-m/nofp\libg.a(lib_a-mprec.o)
                0x0800988c                __hi0bits
 .text.__lo0bits
                0x080098c4       0x5c c:/progra~1/stmicr~1/stm32c~1/gnu-to~1/bin/../lib/gcc/arm-none-eabi/10.3.1/../../../../arm-none-eabi/lib/thumb/v6-m/nofp\libg.a(lib_a-mprec.o)
                0x080098c4                __lo0bits
 .text.__i2b    0x08009920       0x60 c:/progra~1/stmicr~1/stm32c~1/gnu-to~1/bin/../lib/gcc/arm-none-eabi/10.3.1/../../../../arm-none-eabi/lib/thumb/v6-m/nofp\libg.a(lib_a-mprec.o)
                0x08009920                __i2b
 .text.__multiply
                0x08009980      0x1a4 c:/progra~1/stmicr~1/stm32c~1/gnu-to~1/bin/../lib/gcc/arm-none-eabi/10.3.1/../../../../arm-none-eabi/lib/thumb/v6-m/nofp\libg.a(lib_a-mprec.o)
                0x08009980                __multiply
 .text.__pow5mult
                0x08009b24       0xd8 c:/progra~1/stmicr~1/stm32c~1/gnu-to~1/bin/../lib/gcc/arm-none-eabi/10.3.1/../../../../arm-none-eabi/lib/thumb/v6-m/nofp\libg.a(lib_a-mprec.o)
                0x08009b24                __pow5mult
 .text.__lshift
                0x08009bfc       0xfc c:/progra~1/stmicr~1/stm32c~1/gnu-to~1/bin/../lib/gcc/arm-none-eabi/10.3.1/../../../../arm-none-eabi/lib/thumb/v6-m/nofp\libg.a(lib_a-mprec.o)
                0x08009bfc                __lshift
 .text.__mcmp   0x08009cf8       0x34 c:/progra~1/stmicr~1/stm32c~1/gnu-to~1/bin/../lib/gcc/arm-none-eabi/10.3.1/../../../../arm-none-eabi/lib/thumb/v6-m/nofp\libg.a(lib_a-mprec.o)
                0x08009cf8                __mcmp
 .text.__mdiff  0x08009d2c      0x18c c:/progra~1/stmicr~1/stm32c~1/gnu-to~1/bin/../lib/gcc/arm-none-eabi/10.3.1/../../../../arm-none-eabi/lib/thumb/v6-m/nofp\libg.a(lib_a-mprec.o)
                0x08009d2c                __mdiff
 .text.__d2b    0x08009eb8       0xd8 c:/progra~1/stmicr~1/stm32c~1/gnu-to~1/bin/../lib/gcc/arm-none-eabi/10.3.1/../../../../arm-none-eabi/lib/thumb/v6-m/nofp\libg.a(lib_a-mprec.o)
                0x08009eb8                __d2b
 .text.frexp    0x08009f90       0x64 c:/progra~1/stmicr~1/stm32c~1/gnu-to~1/bin/../lib/gcc/arm-none-eabi/10.3.1/../../../../arm-none-eabi/lib/thumb/v6-m/nofp\libg.a(lib_a-s_frexp.o)
                0x08009f90                frexp
 .text._sbrk_r  0x08009ff4       0x24 c:/progra~1/stmicr~1/stm32c~1/gnu-to~1/bin/../lib/gcc/arm-none-eabi/10.3.1/../../../../arm-none-eabi/lib/thumb/v6-m/nofp\libg.a(lib_a-sbrkr.o)
                0x08009ff4                _sbrk_r
 .text.strlen   0x0800a018       0x5c c:/progra~1/stmicr~1/stm32c~1/gnu-to~1/bin/../lib/gcc/arm-none-eabi/10.3.1/../../../../arm-none-eabi/lib/thumb/v6-m/nofp\libg.a(lib_a-strlen-stub.o)
                0x0800a018                strlen
 .text.strncpy  0x0800a074       0x6c c:/progra~1/stmicr~1/stm32c~1/gnu-to~1/bin/../lib/gcc/arm-none-eabi/10.3.1/../../../../arm-none-eabi/lib/thumb/v6-m/nofp\libg.a(lib_a-strncpy.o)
                0x0800a074                strncpy
 .text.__ssprint_r
                0x0800a0e0      0x114 c:/progra~1/stmicr~1/stm32c~1/gnu-to~1/bin/../lib/gcc/arm-none-eabi/10.3.1/../../../../arm-none-eabi/lib/thumb/v6-m/nofp\libg.a(lib_a-svfiprintf.o)
                0x0800a0e0                __ssprint_r
 .text.__register_exitproc
                0x0800a1f4       0xac c:/progra~1/stmicr~1/stm32c~1/gnu-to~1/bin/../lib/gcc/arm-none-eabi/10.3.1/../../../../arm-none-eabi/lib/thumb/v6-m/nofp\libg.a(lib_a-__atexit.o)
                0x0800a1f4                __register_exitproc
 .text.__assert_func
                0x0800a2a0       0x40 c:/progra~1/stmicr~1/stm32c~1/gnu-to~1/bin/../lib/gcc/arm-none-eabi/10.3.1/../../../../arm-none-eabi/lib/thumb/v6-m/nofp\libg.a(lib_a-assert.o)
                0x0800a2a0                __assert_func
 .text._calloc_r
                0x0800a2e0       0x9c c:/progra~1/stmicr~1/stm32c~1/gnu-to~1/bin/../lib/gcc/arm-none-eabi/10.3.1/../../../../arm-none-eabi/lib/thumb/v6-m/nofp\libg.a(lib_a-callocr.o)
                0x0800a2e0                _calloc_r
 .text.fiprintf
                0x0800a37c       0x24 c:/progra~1/stmicr~1/stm32c~1/gnu-to~1/bin/../lib/gcc/arm-none-eabi/10.3.1/../../../../arm-none-eabi/lib/thumb/v6-m/nofp\libg.a(lib_a-fiprintf.o)
                0x0800a37c                fiprintf
 .text.__locale_mb_cur_max
                0x0800a3a0       0x10 c:/progra~1/stmicr~1/stm32c~1/gnu-to~1/bin/../lib/gcc/arm-none-eabi/10.3.1/../../../../arm-none-eabi/lib/thumb/v6-m/nofp\libg.a(lib_a-locale.o)
                0x0800a3a0                __locale_mb_cur_max
 .text.__ascii_mbtowc
                0x0800a3b0       0x2c c:/progra~1/stmicr~1/stm32c~1/gnu-to~1/bin/../lib/gcc/arm-none-eabi/10.3.1/../../../../arm-none-eabi/lib/thumb/v6-m/nofp\libg.a(lib_a-mbtowc_r.o)
                0x0800a3b0                __ascii_mbtowc
 .text.memmove  0x0800a3dc       0xac c:/progra~1/stmicr~1/stm32c~1/gnu-to~1/bin/../lib/gcc/arm-none-eabi/10.3.1/../../../../arm-none-eabi/lib/thumb/v6-m/nofp\libg.a(lib_a-memmove.o)
                0x0800a3dc                memmove
 .text._realloc_r
                0x0800a488      0x354 c:/progra~1/stmicr~1/stm32c~1/gnu-to~1/bin/../lib/gcc/arm-none-eabi/10.3.1/../../../../arm-none-eabi/lib/thumb/v6-m/nofp\libg.a(lib_a-reallocr.o)
                0x0800a488                _realloc_r
 .text.__sprint_r.part.0
                0x0800a7dc       0x88 c:/progra~1/stmicr~1/stm32c~1/gnu-to~1/bin/../lib/gcc/arm-none-eabi/10.3.1/../../../../arm-none-eabi/lib/thumb/v6-m/nofp\libg.a(lib_a-vfiprintf.o)
 .text._vfiprintf_r
                0x0800a864      0xdb8 c:/progra~1/stmicr~1/stm32c~1/gnu-to~1/bin/../lib/gcc/arm-none-eabi/10.3.1/../../../../arm-none-eabi/lib/thumb/v6-m/nofp\libg.a(lib_a-vfiprintf.o)
                0x0800a864                _vfiprintf_r
 .text.__sbprintf
                0x0800b61c       0x8c c:/progra~1/stmicr~1/stm32c~1/gnu-to~1/bin/../lib/gcc/arm-none-eabi/10.3.1/../../../../arm-none-eabi/lib/thumb/v6-m/nofp\libg.a(lib_a-vfiprintf.o)
 .text.__ascii_wctomb
                0x0800b6a8       0x1c c:/progra~1/stmicr~1/stm32c~1/gnu-to~1/bin/../lib/gcc/arm-none-eabi/10.3.1/../../../../arm-none-eabi/lib/thumb/v6-m/nofp\libg.a(lib_a-wctomb_r.o)
                0x0800b6a8                __ascii_wctomb
 .text.__swsetup_r
                0x0800b6c4       0xdc c:/progra~1/stmicr~1/stm32c~1/gnu-to~1/bin/../lib/gcc/arm-none-eabi/10.3.1/../../../../arm-none-eabi/lib/thumb/v6-m/nofp\libg.a(lib_a-wsetup.o)
                0x0800b6c4                __swsetup_r
 .text.abort    0x0800b7a0       0x10 c:/progra~1/stmicr~1/stm32c~1/gnu-to~1/bin/../lib/gcc/arm-none-eabi/10.3.1/../../../../arm-none-eabi/lib/thumb/v6-m/nofp\libg.a(lib_a-abort.o)
                0x0800b7a0                abort
 .text.__sflush_r
                0x0800b7b0      0x140 c:/progra~1/stmicr~1/stm32c~1/gnu-to~1/bin/../lib/gcc/arm-none-eabi/10.3.1/../../../../arm-none-eabi/lib/thumb/v6-m/nofp\libg.a(lib_a-fflush.o)
                0x0800b7b0                __sflush_r
 .text._fflush_r
                0x0800b8f0       0x6c c:/progra~1/stmicr~1/stm32c~1/gnu-to~1/bin/../lib/gcc/arm-none-eabi/10.3.1/../../../../arm-none-eabi/lib/thumb/v6-m/nofp\libg.a(lib_a-fflush.o)
                0x0800b8f0                _fflush_r
 .text._cleanup_r
                0x0800b95c       0x10 c:/progra~1/stmicr~1/stm32c~1/gnu-to~1/bin/../lib/gcc/arm-none-eabi/10.3.1/../../../../arm-none-eabi/lib/thumb/v6-m/nofp\libg.a(lib_a-findfp.o)
                0x0800b95c                _cleanup_r
 .text.__sinit  0x0800b96c      0x120 c:/progra~1/stmicr~1/stm32c~1/gnu-to~1/bin/../lib/gcc/arm-none-eabi/10.3.1/../../../../arm-none-eabi/lib/thumb/v6-m/nofp\libg.a(lib_a-findfp.o)
                0x0800b96c                __sinit
 .text.__sfp_lock_acquire
                0x0800ba8c       0x10 c:/progra~1/stmicr~1/stm32c~1/gnu-to~1/bin/../lib/gcc/arm-none-eabi/10.3.1/../../../../arm-none-eabi/lib/thumb/v6-m/nofp\libg.a(lib_a-findfp.o)
                0x0800ba8c                __sfp_lock_acquire
 .text.__sfp_lock_release
                0x0800ba9c       0x10 c:/progra~1/stmicr~1/stm32c~1/gnu-to~1/bin/../lib/gcc/arm-none-eabi/10.3.1/../../../../arm-none-eabi/lib/thumb/v6-m/nofp\libg.a(lib_a-findfp.o)
                0x0800ba9c                __sfp_lock_release
 .text.__fputwc
                0x0800baac       0x98 c:/progra~1/stmicr~1/stm32c~1/gnu-to~1/bin/../lib/gcc/arm-none-eabi/10.3.1/../../../../arm-none-eabi/lib/thumb/v6-m/nofp\libg.a(lib_a-fputwc.o)
                0x0800baac                __fputwc
 .text._fputwc_r
                0x0800bb44       0x5c c:/progra~1/stmicr~1/stm32c~1/gnu-to~1/bin/../lib/gcc/arm-none-eabi/10.3.1/../../../../arm-none-eabi/lib/thumb/v6-m/nofp\libg.a(lib_a-fputwc.o)
                0x0800bb44                _fputwc_r
 .text.__sfvwrite_r
                0x0800bba0      0x2f4 c:/progra~1/stmicr~1/stm32c~1/gnu-to~1/bin/../lib/gcc/arm-none-eabi/10.3.1/../../../../arm-none-eabi/lib/thumb/v6-m/nofp\libg.a(lib_a-fvwrite.o)
                0x0800bba0                __sfvwrite_r
 .text._fwalk_reent
                0x0800be94       0x48 c:/progra~1/stmicr~1/stm32c~1/gnu-to~1/bin/../lib/gcc/arm-none-eabi/10.3.1/../../../../arm-none-eabi/lib/thumb/v6-m/nofp\libg.a(lib_a-fwalk.o)
                0x0800be94                _fwalk_reent
 .text.__smakebuf_r
                0x0800bedc       0xe4 c:/progra~1/stmicr~1/stm32c~1/gnu-to~1/bin/../lib/gcc/arm-none-eabi/10.3.1/../../../../arm-none-eabi/lib/thumb/v6-m/nofp\libg.a(lib_a-makebuf.o)
                0x0800bedc                __smakebuf_r
 .text.raise    0x0800bfc0       0x60 c:/progra~1/stmicr~1/stm32c~1/gnu-to~1/bin/../lib/gcc/arm-none-eabi/10.3.1/../../../../arm-none-eabi/lib/thumb/v6-m/nofp\libg.a(lib_a-signal.o)
                0x0800bfc0                raise
 .text._kill_r  0x0800c020       0x28 c:/progra~1/stmicr~1/stm32c~1/gnu-to~1/bin/../lib/gcc/arm-none-eabi/10.3.1/../../../../arm-none-eabi/lib/thumb/v6-m/nofp\libg.a(lib_a-signalr.o)
                0x0800c020                _kill_r
 .text._getpid_r
                0x0800c048        0x8 c:/progra~1/stmicr~1/stm32c~1/gnu-to~1/bin/../lib/gcc/arm-none-eabi/10.3.1/../../../../arm-none-eabi/lib/thumb/v6-m/nofp\libg.a(lib_a-signalr.o)
                0x0800c048                _getpid_r
 .text.__sread  0x0800c050       0x28 c:/progra~1/stmicr~1/stm32c~1/gnu-to~1/bin/../lib/gcc/arm-none-eabi/10.3.1/../../../../arm-none-eabi/lib/thumb/v6-m/nofp\libg.a(lib_a-stdio.o)
                0x0800c050                __sread
 .text.__swrite
                0x0800c078       0x40 c:/progra~1/stmicr~1/stm32c~1/gnu-to~1/bin/../lib/gcc/arm-none-eabi/10.3.1/../../../../arm-none-eabi/lib/thumb/v6-m/nofp\libg.a(lib_a-stdio.o)
                0x0800c078                __swrite
 .text.__sseek  0x0800c0b8       0x2c c:/progra~1/stmicr~1/stm32c~1/gnu-to~1/bin/../lib/gcc/arm-none-eabi/10.3.1/../../../../arm-none-eabi/lib/thumb/v6-m/nofp\libg.a(lib_a-stdio.o)
                0x0800c0b8                __sseek
 .text.__sclose
                0x0800c0e4        0xc c:/progra~1/stmicr~1/stm32c~1/gnu-to~1/bin/../lib/gcc/arm-none-eabi/10.3.1/../../../../arm-none-eabi/lib/thumb/v6-m/nofp\libg.a(lib_a-stdio.o)
                0x0800c0e4                __sclose
 .text.__swbuf_r
                0x0800c0f0       0xc8 c:/progra~1/stmicr~1/stm32c~1/gnu-to~1/bin/../lib/gcc/arm-none-eabi/10.3.1/../../../../arm-none-eabi/lib/thumb/v6-m/nofp\libg.a(lib_a-wbuf.o)
                0x0800c0f0                __swbuf_r
 .text._wcrtomb_r
                0x0800c1b8       0x40 c:/progra~1/stmicr~1/stm32c~1/gnu-to~1/bin/../lib/gcc/arm-none-eabi/10.3.1/../../../../arm-none-eabi/lib/thumb/v6-m/nofp\libg.a(lib_a-wcrtomb.o)
                0x0800c1b8                _wcrtomb_r
 .text._write_r
                0x0800c1f8       0x28 c:/progra~1/stmicr~1/stm32c~1/gnu-to~1/bin/../lib/gcc/arm-none-eabi/10.3.1/../../../../arm-none-eabi/lib/thumb/v6-m/nofp\libg.a(lib_a-writer.o)
                0x0800c1f8                _write_r
 .text._close_r
                0x0800c220       0x24 c:/progra~1/stmicr~1/stm32c~1/gnu-to~1/bin/../lib/gcc/arm-none-eabi/10.3.1/../../../../arm-none-eabi/lib/thumb/v6-m/nofp\libg.a(lib_a-closer.o)
                0x0800c220                _close_r
 .text._fclose_r
                0x0800c244       0xdc c:/progra~1/stmicr~1/stm32c~1/gnu-to~1/bin/../lib/gcc/arm-none-eabi/10.3.1/../../../../arm-none-eabi/lib/thumb/v6-m/nofp\libg.a(lib_a-fclose.o)
                0x0800c244                _fclose_r
 .text._fstat_r
                0x0800c320       0x28 c:/progra~1/stmicr~1/stm32c~1/gnu-to~1/bin/../lib/gcc/arm-none-eabi/10.3.1/../../../../arm-none-eabi/lib/thumb/v6-m/nofp\libg.a(lib_a-fstatr.o)
                0x0800c320                _fstat_r
 .text._isatty_r
                0x0800c348       0x24 c:/progra~1/stmicr~1/stm32c~1/gnu-to~1/bin/../lib/gcc/arm-none-eabi/10.3.1/../../../../arm-none-eabi/lib/thumb/v6-m/nofp\libg.a(lib_a-isattyr.o)
                0x0800c348                _isatty_r
 .text._lseek_r
                0x0800c36c       0x28 c:/progra~1/stmicr~1/stm32c~1/gnu-to~1/bin/../lib/gcc/arm-none-eabi/10.3.1/../../../../arm-none-eabi/lib/thumb/v6-m/nofp\libg.a(lib_a-lseekr.o)
                0x0800c36c                _lseek_r
 .text._read_r  0x0800c394       0x28 c:/progra~1/stmicr~1/stm32c~1/gnu-to~1/bin/../lib/gcc/arm-none-eabi/10.3.1/../../../../arm-none-eabi/lib/thumb/v6-m/nofp\libg.a(lib_a-readr.o)
                0x0800c394                _read_r
 *(.glue_7)
 .glue_7        0x0800c3bc        0x0 linker stubs
 *(.glue_7t)
 .glue_7t       0x0800c3bc        0x0 linker stubs
 *(.eh_frame)
 .eh_frame      0x0800c3bc        0x0 c:/progra~1/stmicr~1/stm32c~1/gnu-to~1/bin/../lib/gcc/arm-none-eabi/10.3.1/thumb/v6-m/nofp/crtbegin.o
 *(.init)
 .init          0x0800c3bc        0x4 c:/progra~1/stmicr~1/stm32c~1/gnu-to~1/bin/../lib/gcc/arm-none-eabi/10.3.1/thumb/v6-m/nofp/crti.o
                0x0800c3bc                _init
 .init          0x0800c3c0        0x8 c:/progra~1/stmicr~1/stm32c~1/gnu-to~1/bin/../lib/gcc/arm-none-eabi/10.3.1/thumb/v6-m/nofp/crtn.o
 *(.fini)
 .fini          0x0800c3c8        0x4 c:/progra~1/stmicr~1/stm32c~1/gnu-to~1/bin/../lib/gcc/arm-none-eabi/10.3.1/thumb/v6-m/nofp/crti.o
                0x0800c3c8                _fini
 .fini          0x0800c3cc        0x8 c:/progra~1/stmicr~1/stm32c~1/gnu-to~1/bin/../lib/gcc/arm-none-eabi/10.3.1/thumb/v6-m/nofp/crtn.o
                0x0800c3d4                . = ALIGN (0x4)
                0x0800c3d4                _etext = .

.vfp11_veneer   0x0800c3d4        0x0
 .vfp11_veneer  0x0800c3d4        0x0 linker stubs

.v4_bx          0x0800c3d4        0x0
 .v4_bx         0x0800c3d4        0x0 linker stubs

.iplt           0x0800c3d4        0x0
 .iplt          0x0800c3d4        0x0 c:/progra~1/stmicr~1/stm32c~1/gnu-to~1/bin/../lib/gcc/arm-none-eabi/10.3.1/thumb/v6-m/nofp/crtbegin.o

.rodata         0x0800c3d8      0x84c
                0x0800c3d8                . = ALIGN (0x4)
 *(.rodata)
 .rodata        0x0800c3d8       0x40 c:/progra~1/stmicr~1/stm32c~1/gnu-to~1/bin/../lib/gcc/arm-none-eabi/10.3.1/thumb/v6-m/nofp\libgcc.a(mulsf3.o)
 .rodata        0x0800c418       0x40 c:/progra~1/stmicr~1/stm32c~1/gnu-to~1/bin/../lib/gcc/arm-none-eabi/10.3.1/thumb/v6-m/nofp\libgcc.a(divdf3.o)
 .rodata        0x0800c458       0x40 c:/progra~1/stmicr~1/stm32c~1/gnu-to~1/bin/../lib/gcc/arm-none-eabi/10.3.1/thumb/v6-m/nofp\libgcc.a(muldf3.o)
 *(.rodata*)
 .rodata.led_status
                0x0800c498       0x14 CMakeFiles/firmware_oriforce_board.elf.dir/Core/Src/led.c.obj
 .rodata.main.str1.4
                0x0800c4ac       0x15 CMakeFiles/firmware_oriforce_board.elf.dir/Core/Src/main.c.obj
 *fill*         0x0800c4c1        0x3 
 .rodata.AHBPrescTable
                0x0800c4c4       0x40 CMakeFiles/firmware_oriforce_board.elf.dir/Core/Src/system_stm32g0xx.c.obj
                0x0800c4c4                AHBPrescTable
 .rodata.APBPrescTable
                0x0800c504       0x20 CMakeFiles/firmware_oriforce_board.elf.dir/Core/Src/system_stm32g0xx.c.obj
                0x0800c504                APBPrescTable
 .rodata.UARTPrescTable
                0x0800c524       0x18 CMakeFiles/firmware_oriforce_board.elf.dir/Drivers/STM32G0xx_HAL_Driver/Src/stm32g0xx_hal_uart.c.obj
                0x0800c524                UARTPrescTable
 .rodata.denominator.0
                0x0800c53c        0x8 CMakeFiles/firmware_oriforce_board.elf.dir/Drivers/STM32G0xx_HAL_Driver/Src/stm32g0xx_hal_uart_ex.c.obj
 .rodata.numerator.1
                0x0800c544        0x8 CMakeFiles/firmware_oriforce_board.elf.dir/Drivers/STM32G0xx_HAL_Driver/Src/stm32g0xx_hal_uart_ex.c.obj
 .rodata._global_impure_ptr
                0x0800c54c        0x4 c:/progra~1/stmicr~1/stm32c~1/gnu-to~1/bin/../lib/gcc/arm-none-eabi/10.3.1/../../../../arm-none-eabi/lib/thumb/v6-m/nofp\libg.a(lib_a-impure.o)
                0x0800c54c                _global_impure_ptr
 .rodata._svfprintf_r.str1.4
                0x0800c550       0x42 c:/progra~1/stmicr~1/stm32c~1/gnu-to~1/bin/../lib/gcc/arm-none-eabi/10.3.1/../../../../arm-none-eabi/lib/thumb/v6-m/nofp\libg.a(lib_a-svfprintf.o)
 *fill*         0x0800c592        0x2 
 .rodata._svfprintf_r
                0x0800c594      0x16c c:/progra~1/stmicr~1/stm32c~1/gnu-to~1/bin/../lib/gcc/arm-none-eabi/10.3.1/../../../../arm-none-eabi/lib/thumb/v6-m/nofp\libg.a(lib_a-svfprintf.o)
 .rodata.blanks.1
                0x0800c700       0x10 c:/progra~1/stmicr~1/stm32c~1/gnu-to~1/bin/../lib/gcc/arm-none-eabi/10.3.1/../../../../arm-none-eabi/lib/thumb/v6-m/nofp\libg.a(lib_a-svfprintf.o)
 .rodata.zeroes.0
                0x0800c710       0x10 c:/progra~1/stmicr~1/stm32c~1/gnu-to~1/bin/../lib/gcc/arm-none-eabi/10.3.1/../../../../arm-none-eabi/lib/thumb/v6-m/nofp\libg.a(lib_a-svfprintf.o)
 .rodata._dtoa_r.str1.4
                0x0800c720       0xa2 c:/progra~1/stmicr~1/stm32c~1/gnu-to~1/bin/../lib/gcc/arm-none-eabi/10.3.1/../../../../arm-none-eabi/lib/thumb/v6-m/nofp\libg.a(lib_a-dtoa.o)
                                 0xa6 (size before relaxing)
 *fill*         0x0800c7c2        0x2 
 .rodata.__multadd.str1.4
                0x0800c7c4       0x7f c:/progra~1/stmicr~1/stm32c~1/gnu-to~1/bin/../lib/gcc/arm-none-eabi/10.3.1/../../../../arm-none-eabi/lib/thumb/v6-m/nofp\libg.a(lib_a-mprec.o)
                                 0x93 (size before relaxing)
 *fill*         0x0800c843        0x5 
 .rodata.__mprec_bigtens
                0x0800c848       0x28 c:/progra~1/stmicr~1/stm32c~1/gnu-to~1/bin/../lib/gcc/arm-none-eabi/10.3.1/../../../../arm-none-eabi/lib/thumb/v6-m/nofp\libg.a(lib_a-mprec.o)
                0x0800c848                __mprec_bigtens
 .rodata.__mprec_tens
                0x0800c870       0xc8 c:/progra~1/stmicr~1/stm32c~1/gnu-to~1/bin/../lib/gcc/arm-none-eabi/10.3.1/../../../../arm-none-eabi/lib/thumb/v6-m/nofp\libg.a(lib_a-mprec.o)
                0x0800c870                __mprec_tens
 .rodata.p05.0  0x0800c938        0xc c:/progra~1/stmicr~1/stm32c~1/gnu-to~1/bin/../lib/gcc/arm-none-eabi/10.3.1/../../../../arm-none-eabi/lib/thumb/v6-m/nofp\libg.a(lib_a-mprec.o)
 .rodata.__assert_func.str1.4
                0x0800c944       0x3f c:/progra~1/stmicr~1/stm32c~1/gnu-to~1/bin/../lib/gcc/arm-none-eabi/10.3.1/../../../../arm-none-eabi/lib/thumb/v6-m/nofp\libg.a(lib_a-assert.o)
                                 0x43 (size before relaxing)
 *fill*         0x0800c983        0x1 
 .rodata._setlocale_r.str1.4
                0x0800c984        0xa c:/progra~1/stmicr~1/stm32c~1/gnu-to~1/bin/../lib/gcc/arm-none-eabi/10.3.1/../../../../arm-none-eabi/lib/thumb/v6-m/nofp\libg.a(lib_a-locale.o)
                                  0xd (size before relaxing)
 *fill*         0x0800c98e        0x2 
 .rodata.str1.4
                0x0800c990        0x2 c:/progra~1/stmicr~1/stm32c~1/gnu-to~1/bin/../lib/gcc/arm-none-eabi/10.3.1/../../../../arm-none-eabi/lib/thumb/v6-m/nofp\libg.a(lib_a-locale.o)
 .rodata._vfiprintf_r.str1.4
                0x0800c992       0x2f c:/progra~1/stmicr~1/stm32c~1/gnu-to~1/bin/../lib/gcc/arm-none-eabi/10.3.1/../../../../arm-none-eabi/lib/thumb/v6-m/nofp\libg.a(lib_a-vfiprintf.o)
 *fill*         0x0800c992        0x2 
 .rodata._vfiprintf_r
                0x0800c994      0x16c c:/progra~1/stmicr~1/stm32c~1/gnu-to~1/bin/../lib/gcc/arm-none-eabi/10.3.1/../../../../arm-none-eabi/lib/thumb/v6-m/nofp\libg.a(lib_a-vfiprintf.o)
 .rodata.blanks.1
                0x0800cb00       0x10 c:/progra~1/stmicr~1/stm32c~1/gnu-to~1/bin/../lib/gcc/arm-none-eabi/10.3.1/../../../../arm-none-eabi/lib/thumb/v6-m/nofp\libg.a(lib_a-vfiprintf.o)
 .rodata.zeroes.0
                0x0800cb10       0x10 c:/progra~1/stmicr~1/stm32c~1/gnu-to~1/bin/../lib/gcc/arm-none-eabi/10.3.1/../../../../arm-none-eabi/lib/thumb/v6-m/nofp\libg.a(lib_a-vfiprintf.o)
 .rodata._ctype_
                0x0800cb20      0x101 c:/progra~1/stmicr~1/stm32c~1/gnu-to~1/bin/../lib/gcc/arm-none-eabi/10.3.1/../../../../arm-none-eabi/lib/thumb/v6-m/nofp\libg.a(lib_a-ctype_.o)
                0x0800cb20                _ctype_
                0x0800cc24                . = ALIGN (0x4)
 *fill*         0x0800cc21        0x3 

.ARM.extab      0x0800cc24        0x0
                0x0800cc24                . = ALIGN (0x4)
 *(.ARM.extab* .gnu.linkonce.armextab.*)
                0x0800cc24                . = ALIGN (0x4)

.ARM            0x0800cc24        0x8
                0x0800cc24                . = ALIGN (0x4)
                0x0800cc24                __exidx_start = .
 *(.ARM.exidx*)
 .ARM.exidx     0x0800cc24        0x8 c:/progra~1/stmicr~1/stm32c~1/gnu-to~1/bin/../lib/gcc/arm-none-eabi/10.3.1/thumb/v6-m/nofp\libgcc.a(_udivmoddi4.o)
                0x0800cc2c                __exidx_end = .
                0x0800cc2c                . = ALIGN (0x4)

.rel.dyn        0x0800cc2c        0x0
 .rel.iplt      0x0800cc2c        0x0 c:/progra~1/stmicr~1/stm32c~1/gnu-to~1/bin/../lib/gcc/arm-none-eabi/10.3.1/thumb/v6-m/nofp/crtbegin.o

.preinit_array  0x0800cc2c        0x0
                0x0800cc2c                . = ALIGN (0x4)
                0x0800cc2c                PROVIDE (__preinit_array_start = .)
 *(.preinit_array*)
                0x0800cc2c                PROVIDE (__preinit_array_end = .)
                0x0800cc2c                . = ALIGN (0x4)

.init_array     0x0800cc2c        0x8
                0x0800cc2c                . = ALIGN (0x4)
                0x0800cc2c                PROVIDE (__init_array_start = .)
 *(SORT_BY_NAME(.init_array.*))
 .init_array.00000
                0x0800cc2c        0x4 c:/progra~1/stmicr~1/stm32c~1/gnu-to~1/bin/../lib/gcc/arm-none-eabi/10.3.1/../../../../arm-none-eabi/lib/thumb/v6-m/nofp\libg.a(lib_a-__call_atexit.o)
 *(.init_array*)
 .init_array    0x0800cc30        0x4 c:/progra~1/stmicr~1/stm32c~1/gnu-to~1/bin/../lib/gcc/arm-none-eabi/10.3.1/thumb/v6-m/nofp/crtbegin.o
                0x0800cc34                PROVIDE (__init_array_end = .)
                0x0800cc34                . = ALIGN (0x4)

.fini_array     0x0800cc34        0x4
                0x0800cc34                . = ALIGN (0x4)
                0x0800cc34                PROVIDE (__fini_array_start = .)
 *(SORT_BY_NAME(.fini_array.*))
 *(.fini_array*)
 .fini_array    0x0800cc34        0x4 c:/progra~1/stmicr~1/stm32c~1/gnu-to~1/bin/../lib/gcc/arm-none-eabi/10.3.1/thumb/v6-m/nofp/crtbegin.o
                0x0800cc38                PROVIDE (__fini_array_end = .)
                0x0800cc38                . = ALIGN (0x4)
                0x0800cc38                _sidata = LOADADDR (.data)

.data           0x20000000      0x9b8 load address 0x0800cc38
                0x20000000                . = ALIGN (0x4)
                0x20000000                _sdata = .
 *(.data)
 *(.data*)
 .data.SystemCoreClock
                0x20000000        0x4 CMakeFiles/firmware_oriforce_board.elf.dir/Core/Src/system_stm32g0xx.c.obj
                0x20000000                SystemCoreClock
 .data.uwTickFreq
                0x20000004        0x1 CMakeFiles/firmware_oriforce_board.elf.dir/Drivers/STM32G0xx_HAL_Driver/Src/stm32g0xx_hal.c.obj
                0x20000004                uwTickFreq
 *fill*         0x20000005        0x3 
 .data.uwTickPrio
                0x20000008        0x4 CMakeFiles/firmware_oriforce_board.elf.dir/Drivers/STM32G0xx_HAL_Driver/Src/stm32g0xx_hal.c.obj
                0x20000008                uwTickPrio
 .data._impure_ptr
                0x2000000c        0x4 c:/progra~1/stmicr~1/stm32c~1/gnu-to~1/bin/../lib/gcc/arm-none-eabi/10.3.1/../../../../arm-none-eabi/lib/thumb/v6-m/nofp\libg.a(lib_a-impure.o)
                0x2000000c                _impure_ptr
 .data.impure_data
                0x20000010      0x428 c:/progra~1/stmicr~1/stm32c~1/gnu-to~1/bin/../lib/gcc/arm-none-eabi/10.3.1/../../../../arm-none-eabi/lib/thumb/v6-m/nofp\libg.a(lib_a-impure.o)
 .data.__atexit_recursive_mutex
                0x20000438        0x4 c:/progra~1/stmicr~1/stm32c~1/gnu-to~1/bin/../lib/gcc/arm-none-eabi/10.3.1/../../../../arm-none-eabi/lib/thumb/v6-m/nofp\libg.a(lib_a-__call_atexit.o)
                0x20000438                __atexit_recursive_mutex
 .data.__malloc_av_
                0x2000043c      0x408 c:/progra~1/stmicr~1/stm32c~1/gnu-to~1/bin/../lib/gcc/arm-none-eabi/10.3.1/../../../../arm-none-eabi/lib/thumb/v6-m/nofp\libg.a(lib_a-mallocr.o)
                0x2000043c                __malloc_av_
 .data.__malloc_sbrk_base
                0x20000844        0x4 c:/progra~1/stmicr~1/stm32c~1/gnu-to~1/bin/../lib/gcc/arm-none-eabi/10.3.1/../../../../arm-none-eabi/lib/thumb/v6-m/nofp\libg.a(lib_a-mallocr.o)
                0x20000844                __malloc_sbrk_base
 .data.__malloc_trim_threshold
                0x20000848        0x4 c:/progra~1/stmicr~1/stm32c~1/gnu-to~1/bin/../lib/gcc/arm-none-eabi/10.3.1/../../../../arm-none-eabi/lib/thumb/v6-m/nofp\libg.a(lib_a-mallocr.o)
                0x20000848                __malloc_trim_threshold
 .data.__global_locale
                0x2000084c      0x16c c:/progra~1/stmicr~1/stm32c~1/gnu-to~1/bin/../lib/gcc/arm-none-eabi/10.3.1/../../../../arm-none-eabi/lib/thumb/v6-m/nofp\libg.a(lib_a-locale.o)
                0x2000084c                __global_locale
 *(.RamFunc)
 *(.RamFunc*)
                0x200009b8                . = ALIGN (0x4)
                0x200009b8                _edata = .

.igot.plt       0x200009b8        0x0 load address 0x0800d5f0
 .igot.plt      0x200009b8        0x0 c:/progra~1/stmicr~1/stm32c~1/gnu-to~1/bin/../lib/gcc/arm-none-eabi/10.3.1/thumb/v6-m/nofp/crtbegin.o
                0x200009b8                . = ALIGN (0x4)

.bss            0x200009b8      0x1e0 load address 0x0800d5f0
                0x200009b8                _sbss = .
                0x200009b8                __bss_start__ = _sbss
 *(.bss)
 .bss           0x200009b8       0x1c c:/progra~1/stmicr~1/stm32c~1/gnu-to~1/bin/../lib/gcc/arm-none-eabi/10.3.1/thumb/v6-m/nofp/crtbegin.o
 *(.bss*)
 .bss.allData   0x200009d4        0xc CMakeFiles/firmware_oriforce_board.elf.dir/Core/Src/ldc1614.c.obj
 .bss.cmd       0x200009e0        0x3 CMakeFiles/firmware_oriforce_board.elf.dir/Core/Src/main.c.obj
                0x200009e0                cmd
 *fill*         0x200009e3        0x1 
 .bss.dataframe
                0x200009e4       0x1e CMakeFiles/firmware_oriforce_board.elf.dir/Core/Src/main.c.obj
                0x200009e4                dataframe
 *fill*         0x20000a02        0x2 
 .bss.hi2c1     0x20000a04       0x54 CMakeFiles/firmware_oriforce_board.elf.dir/Core/Src/main.c.obj
                0x20000a04                hi2c1
 .bss.hlpuart1  0x20000a58       0x94 CMakeFiles/firmware_oriforce_board.elf.dir/Core/Src/main.c.obj
                0x20000a58                hlpuart1
 .bss.htim2     0x20000aec       0x4c CMakeFiles/firmware_oriforce_board.elf.dir/Core/Src/main.c.obj
                0x20000aec                htim2
 .bss.inductance_ch0
                0x20000b38        0x4 CMakeFiles/firmware_oriforce_board.elf.dir/Core/Src/main.c.obj
                0x20000b38                inductance_ch0
 .bss.inductance_ch1
                0x20000b3c        0x4 CMakeFiles/firmware_oriforce_board.elf.dir/Core/Src/main.c.obj
                0x20000b3c                inductance_ch1
 .bss.inductance_ch2
                0x20000b40        0x4 CMakeFiles/firmware_oriforce_board.elf.dir/Core/Src/main.c.obj
                0x20000b40                inductance_ch2
 .bss.read_flag
                0x20000b44        0x1 CMakeFiles/firmware_oriforce_board.elf.dir/Core/Src/main.c.obj
                0x20000b44                read_flag
 .bss.send_flag
                0x20000b45        0x1 CMakeFiles/firmware_oriforce_board.elf.dir/Core/Src/main.c.obj
                0x20000b45                send_flag
 *fill*         0x20000b46        0x2 
 .bss.__sbrk_heap_end
                0x20000b48        0x4 CMakeFiles/firmware_oriforce_board.elf.dir/Core/Src/sysmem.c.obj
 .bss.uwTick    0x20000b4c        0x4 CMakeFiles/firmware_oriforce_board.elf.dir/Drivers/STM32G0xx_HAL_Driver/Src/stm32g0xx_hal.c.obj
                0x20000b4c                uwTick
 .bss.__lock___atexit_recursive_mutex
                0x20000b50        0x1 c:/progra~1/stmicr~1/stm32c~1/gnu-to~1/bin/../lib/gcc/arm-none-eabi/10.3.1/../../../../arm-none-eabi/lib/thumb/v6-m/nofp\libg.a(lib_a-lock.o)
                0x20000b50                __lock___atexit_recursive_mutex
 *fill*         0x20000b51        0x3 
 .bss.__lock___malloc_recursive_mutex
                0x20000b54        0x1 c:/progra~1/stmicr~1/stm32c~1/gnu-to~1/bin/../lib/gcc/arm-none-eabi/10.3.1/../../../../arm-none-eabi/lib/thumb/v6-m/nofp\libg.a(lib_a-lock.o)
                0x20000b54                __lock___malloc_recursive_mutex
 *fill*         0x20000b55        0x3 
 .bss.__lock___sfp_recursive_mutex
                0x20000b58        0x1 c:/progra~1/stmicr~1/stm32c~1/gnu-to~1/bin/../lib/gcc/arm-none-eabi/10.3.1/../../../../arm-none-eabi/lib/thumb/v6-m/nofp\libg.a(lib_a-lock.o)
                0x20000b58                __lock___sfp_recursive_mutex
 *fill*         0x20000b59        0x3 
 .bss.__lock___sinit_recursive_mutex
                0x20000b5c        0x1 c:/progra~1/stmicr~1/stm32c~1/gnu-to~1/bin/../lib/gcc/arm-none-eabi/10.3.1/../../../../arm-none-eabi/lib/thumb/v6-m/nofp\libg.a(lib_a-lock.o)
                0x20000b5c                __lock___sinit_recursive_mutex
 *fill*         0x20000b5d        0x3 
 .bss.__malloc_current_mallinfo
                0x20000b60       0x28 c:/progra~1/stmicr~1/stm32c~1/gnu-to~1/bin/../lib/gcc/arm-none-eabi/10.3.1/../../../../arm-none-eabi/lib/thumb/v6-m/nofp\libg.a(lib_a-mallocr.o)
                0x20000b60                __malloc_current_mallinfo
 .bss.__malloc_max_sbrked_mem
                0x20000b88        0x4 c:/progra~1/stmicr~1/stm32c~1/gnu-to~1/bin/../lib/gcc/arm-none-eabi/10.3.1/../../../../arm-none-eabi/lib/thumb/v6-m/nofp\libg.a(lib_a-mallocr.o)
                0x20000b88                __malloc_max_sbrked_mem
 .bss.__malloc_max_total_mem
                0x20000b8c        0x4 c:/progra~1/stmicr~1/stm32c~1/gnu-to~1/bin/../lib/gcc/arm-none-eabi/10.3.1/../../../../arm-none-eabi/lib/thumb/v6-m/nofp\libg.a(lib_a-mallocr.o)
                0x20000b8c                __malloc_max_total_mem
 .bss.__malloc_top_pad
                0x20000b90        0x4 c:/progra~1/stmicr~1/stm32c~1/gnu-to~1/bin/../lib/gcc/arm-none-eabi/10.3.1/../../../../arm-none-eabi/lib/thumb/v6-m/nofp\libg.a(lib_a-mallocr.o)
                0x20000b90                __malloc_top_pad
 .bss.errno     0x20000b94        0x4 c:/progra~1/stmicr~1/stm32c~1/gnu-to~1/bin/../lib/gcc/arm-none-eabi/10.3.1/../../../../arm-none-eabi/lib/thumb/v6-m/nofp\libg.a(lib_a-reent.o)
                0x20000b94                errno
 *(COMMON)
                0x20000b98                . = ALIGN (0x4)
                0x20000b98                _ebss = .
                0x20000b98                __bss_end__ = _ebss

._user_heap_stack
                0x20000b98      0x600 load address 0x0800d5f0
                0x20000b98                . = ALIGN (0x8)
                [!provide]                PROVIDE (end = .)
                0x20000b98                PROVIDE (_end = .)
                0x20000d98                . = (. + _Min_Heap_Size)
 *fill*         0x20000b98      0x200 
                0x20001198                . = (. + _Min_Stack_Size)
 *fill*         0x20000d98      0x400 
                0x20001198                . = ALIGN (0x8)

/DISCARD/
 libc.a(*)
 libm.a(*)
 libgcc.a(*)

.ARM.attributes
                0x00000000       0x28
 *(.ARM.attributes)
 .ARM.attributes
                0x00000000       0x1e c:/progra~1/stmicr~1/stm32c~1/gnu-to~1/bin/../lib/gcc/arm-none-eabi/10.3.1/thumb/v6-m/nofp/crti.o
 .ARM.attributes
                0x0000001e       0x2c c:/progra~1/stmicr~1/stm32c~1/gnu-to~1/bin/../lib/gcc/arm-none-eabi/10.3.1/thumb/v6-m/nofp/crtbegin.o
 .ARM.attributes
                0x0000004a       0x2c CMakeFiles/firmware_oriforce_board.elf.dir/Core/Src/ldc1614.c.obj
 .ARM.attributes
                0x00000076       0x2c CMakeFiles/firmware_oriforce_board.elf.dir/Core/Src/led.c.obj
 .ARM.attributes
                0x000000a2       0x2c CMakeFiles/firmware_oriforce_board.elf.dir/Core/Src/main.c.obj
 .ARM.attributes
                0x000000ce       0x2c CMakeFiles/firmware_oriforce_board.elf.dir/Core/Src/stm32g0xx_hal_msp.c.obj
 .ARM.attributes
                0x000000fa       0x2c CMakeFiles/firmware_oriforce_board.elf.dir/Core/Src/stm32g0xx_it.c.obj
 .ARM.attributes
                0x00000126       0x2c CMakeFiles/firmware_oriforce_board.elf.dir/Core/Src/syscalls.c.obj
 .ARM.attributes
                0x00000152       0x2c CMakeFiles/firmware_oriforce_board.elf.dir/Core/Src/sysmem.c.obj
 .ARM.attributes
                0x0000017e       0x2c CMakeFiles/firmware_oriforce_board.elf.dir/Core/Src/system_stm32g0xx.c.obj
 .ARM.attributes
                0x000001aa       0x22 CMakeFiles/firmware_oriforce_board.elf.dir/Core/Startup/startup_stm32g031g8ux.s.obj
 .ARM.attributes
                0x000001cc       0x2c CMakeFiles/firmware_oriforce_board.elf.dir/Drivers/STM32G0xx_HAL_Driver/Src/stm32g0xx_hal.c.obj
 .ARM.attributes
                0x000001f8       0x2c CMakeFiles/firmware_oriforce_board.elf.dir/Drivers/STM32G0xx_HAL_Driver/Src/stm32g0xx_hal_cortex.c.obj
 .ARM.attributes
                0x00000224       0x2c CMakeFiles/firmware_oriforce_board.elf.dir/Drivers/STM32G0xx_HAL_Driver/Src/stm32g0xx_hal_dma.c.obj
 .ARM.attributes
                0x00000250       0x2c CMakeFiles/firmware_oriforce_board.elf.dir/Drivers/STM32G0xx_HAL_Driver/Src/stm32g0xx_hal_gpio.c.obj
 .ARM.attributes
                0x0000027c       0x2c CMakeFiles/firmware_oriforce_board.elf.dir/Drivers/STM32G0xx_HAL_Driver/Src/stm32g0xx_hal_i2c.c.obj
 .ARM.attributes
                0x000002a8       0x2c CMakeFiles/firmware_oriforce_board.elf.dir/Drivers/STM32G0xx_HAL_Driver/Src/stm32g0xx_hal_i2c_ex.c.obj
 .ARM.attributes
                0x000002d4       0x2c CMakeFiles/firmware_oriforce_board.elf.dir/Drivers/STM32G0xx_HAL_Driver/Src/stm32g0xx_hal_pwr_ex.c.obj
 .ARM.attributes
                0x00000300       0x2c CMakeFiles/firmware_oriforce_board.elf.dir/Drivers/STM32G0xx_HAL_Driver/Src/stm32g0xx_hal_rcc.c.obj
 .ARM.attributes
                0x0000032c       0x2c CMakeFiles/firmware_oriforce_board.elf.dir/Drivers/STM32G0xx_HAL_Driver/Src/stm32g0xx_hal_rcc_ex.c.obj
 .ARM.attributes
                0x00000358       0x2c CMakeFiles/firmware_oriforce_board.elf.dir/Drivers/STM32G0xx_HAL_Driver/Src/stm32g0xx_hal_tim.c.obj
 .ARM.attributes
                0x00000384       0x2c CMakeFiles/firmware_oriforce_board.elf.dir/Drivers/STM32G0xx_HAL_Driver/Src/stm32g0xx_hal_tim_ex.c.obj
 .ARM.attributes
                0x000003b0       0x2c CMakeFiles/firmware_oriforce_board.elf.dir/Drivers/STM32G0xx_HAL_Driver/Src/stm32g0xx_hal_uart.c.obj
 .ARM.attributes
                0x000003dc       0x2c CMakeFiles/firmware_oriforce_board.elf.dir/Drivers/STM32G0xx_HAL_Driver/Src/stm32g0xx_hal_uart_ex.c.obj
 .ARM.attributes
                0x00000408       0x1e c:/progra~1/stmicr~1/stm32c~1/gnu-to~1/bin/../lib/gcc/arm-none-eabi/10.3.1/thumb/v6-m/nofp\libgcc.a(_udivsi3.o)
 .ARM.attributes
                0x00000426       0x1e c:/progra~1/stmicr~1/stm32c~1/gnu-to~1/bin/../lib/gcc/arm-none-eabi/10.3.1/thumb/v6-m/nofp\libgcc.a(_divsi3.o)
 .ARM.attributes
                0x00000444       0x1e c:/progra~1/stmicr~1/stm32c~1/gnu-to~1/bin/../lib/gcc/arm-none-eabi/10.3.1/thumb/v6-m/nofp\libgcc.a(_dvmd_tls.o)
 .ARM.attributes
                0x00000462       0x1e c:/progra~1/stmicr~1/stm32c~1/gnu-to~1/bin/../lib/gcc/arm-none-eabi/10.3.1/thumb/v6-m/nofp\libgcc.a(_aeabi_uldivmod.o)
 .ARM.attributes
                0x00000480       0x2c c:/progra~1/stmicr~1/stm32c~1/gnu-to~1/bin/../lib/gcc/arm-none-eabi/10.3.1/thumb/v6-m/nofp\libgcc.a(_udivmoddi4.o)
 .ARM.attributes
                0x000004ac       0x2c c:/progra~1/stmicr~1/stm32c~1/gnu-to~1/bin/../lib/gcc/arm-none-eabi/10.3.1/thumb/v6-m/nofp\libgcc.a(addsf3.o)
 .ARM.attributes
                0x000004d8       0x2c c:/progra~1/stmicr~1/stm32c~1/gnu-to~1/bin/../lib/gcc/arm-none-eabi/10.3.1/thumb/v6-m/nofp\libgcc.a(mulsf3.o)
 .ARM.attributes
                0x00000504       0x2c c:/progra~1/stmicr~1/stm32c~1/gnu-to~1/bin/../lib/gcc/arm-none-eabi/10.3.1/thumb/v6-m/nofp\libgcc.a(floatunsisf.o)
 .ARM.attributes
                0x00000530       0x2c c:/progra~1/stmicr~1/stm32c~1/gnu-to~1/bin/../lib/gcc/arm-none-eabi/10.3.1/thumb/v6-m/nofp\libgcc.a(divdf3.o)
 .ARM.attributes
                0x0000055c       0x2c c:/progra~1/stmicr~1/stm32c~1/gnu-to~1/bin/../lib/gcc/arm-none-eabi/10.3.1/thumb/v6-m/nofp\libgcc.a(muldf3.o)
 .ARM.attributes
                0x00000588       0x2c c:/progra~1/stmicr~1/stm32c~1/gnu-to~1/bin/../lib/gcc/arm-none-eabi/10.3.1/thumb/v6-m/nofp\libgcc.a(extendsfdf2.o)
 .ARM.attributes
                0x000005b4       0x2c c:/progra~1/stmicr~1/stm32c~1/gnu-to~1/bin/../lib/gcc/arm-none-eabi/10.3.1/thumb/v6-m/nofp\libgcc.a(truncdfsf2.o)
 .ARM.attributes
                0x000005e0       0x1e c:/progra~1/stmicr~1/stm32c~1/gnu-to~1/bin/../lib/gcc/arm-none-eabi/10.3.1/thumb/v6-m/nofp\libgcc.a(_clzsi2.o)
 .ARM.attributes
                0x000005fe       0x1e c:/progra~1/stmicr~1/stm32c~1/gnu-to~1/bin/../lib/gcc/arm-none-eabi/10.3.1/thumb/v6-m/nofp\libgcc.a(_clzdi2.o)
 .ARM.attributes
                0x0000061c       0x2c c:/progra~1/stmicr~1/stm32c~1/gnu-to~1/bin/../lib/gcc/arm-none-eabi/10.3.1/../../../../arm-none-eabi/lib/thumb/v6-m/nofp\libg.a(lib_a-errno.o)
 .ARM.attributes
                0x00000648       0x2c c:/progra~1/stmicr~1/stm32c~1/gnu-to~1/bin/../lib/gcc/arm-none-eabi/10.3.1/../../../../arm-none-eabi/lib/thumb/v6-m/nofp\libg.a(lib_a-impure.o)
 .ARM.attributes
                0x00000674       0x2c c:/progra~1/stmicr~1/stm32c~1/gnu-to~1/bin/../lib/gcc/arm-none-eabi/10.3.1/../../../../arm-none-eabi/lib/thumb/v6-m/nofp\libg.a(lib_a-init.o)
 .ARM.attributes
                0x000006a0       0x2c c:/progra~1/stmicr~1/stm32c~1/gnu-to~1/bin/../lib/gcc/arm-none-eabi/10.3.1/../../../../arm-none-eabi/lib/thumb/v6-m/nofp\libg.a(lib_a-memset.o)
 .ARM.attributes
                0x000006cc       0x2c c:/progra~1/stmicr~1/stm32c~1/gnu-to~1/bin/../lib/gcc/arm-none-eabi/10.3.1/../../../../arm-none-eabi/lib/thumb/v6-m/nofp\libg.a(lib_a-sprintf.o)
 .ARM.attributes
                0x000006f8       0x2c c:/progra~1/stmicr~1/stm32c~1/gnu-to~1/bin/../lib/gcc/arm-none-eabi/10.3.1/../../../../arm-none-eabi/lib/thumb/v6-m/nofp\libg.a(lib_a-svfprintf.o)
 .ARM.attributes
                0x00000724       0x2c c:/progra~1/stmicr~1/stm32c~1/gnu-to~1/bin/../lib/gcc/arm-none-eabi/10.3.1/../../../../arm-none-eabi/lib/thumb/v6-m/nofp\libg.a(lib_a-__call_atexit.o)
 .ARM.attributes
                0x00000750       0x2c c:/progra~1/stmicr~1/stm32c~1/gnu-to~1/bin/../lib/gcc/arm-none-eabi/10.3.1/../../../../arm-none-eabi/lib/thumb/v6-m/nofp\libg.a(lib_a-atexit.o)
 .ARM.attributes
                0x0000077c       0x2c c:/progra~1/stmicr~1/stm32c~1/gnu-to~1/bin/../lib/gcc/arm-none-eabi/10.3.1/../../../../arm-none-eabi/lib/thumb/v6-m/nofp\libg.a(lib_a-dtoa.o)
 .ARM.attributes
                0x000007a8       0x2c c:/progra~1/stmicr~1/stm32c~1/gnu-to~1/bin/../lib/gcc/arm-none-eabi/10.3.1/../../../../arm-none-eabi/lib/thumb/v6-m/nofp\libg.a(lib_a-fini.o)
 .ARM.attributes
                0x000007d4       0x2c c:/progra~1/stmicr~1/stm32c~1/gnu-to~1/bin/../lib/gcc/arm-none-eabi/10.3.1/../../../../arm-none-eabi/lib/thumb/v6-m/nofp\libg.a(lib_a-freer.o)
 .ARM.attributes
                0x00000800       0x2c c:/progra~1/stmicr~1/stm32c~1/gnu-to~1/bin/../lib/gcc/arm-none-eabi/10.3.1/../../../../arm-none-eabi/lib/thumb/v6-m/nofp\libg.a(lib_a-localeconv.o)
 .ARM.attributes
                0x0000082c       0x2c c:/progra~1/stmicr~1/stm32c~1/gnu-to~1/bin/../lib/gcc/arm-none-eabi/10.3.1/../../../../arm-none-eabi/lib/thumb/v6-m/nofp\libg.a(lib_a-lock.o)
 .ARM.attributes
                0x00000858       0x2c c:/progra~1/stmicr~1/stm32c~1/gnu-to~1/bin/../lib/gcc/arm-none-eabi/10.3.1/../../../../arm-none-eabi/lib/thumb/v6-m/nofp\libg.a(lib_a-mallocr.o)
 .ARM.attributes
                0x00000884       0x2c c:/progra~1/stmicr~1/stm32c~1/gnu-to~1/bin/../lib/gcc/arm-none-eabi/10.3.1/../../../../arm-none-eabi/lib/thumb/v6-m/nofp\libg.a(lib_a-memchr-stub.o)
 .ARM.attributes
                0x000008b0       0x2c c:/progra~1/stmicr~1/stm32c~1/gnu-to~1/bin/../lib/gcc/arm-none-eabi/10.3.1/../../../../arm-none-eabi/lib/thumb/v6-m/nofp\libg.a(lib_a-memcpy-stub.o)
 .ARM.attributes
                0x000008dc       0x2c c:/progra~1/stmicr~1/stm32c~1/gnu-to~1/bin/../lib/gcc/arm-none-eabi/10.3.1/../../../../arm-none-eabi/lib/thumb/v6-m/nofp\libg.a(lib_a-mlock.o)
 .ARM.attributes
                0x00000908       0x2c c:/progra~1/stmicr~1/stm32c~1/gnu-to~1/bin/../lib/gcc/arm-none-eabi/10.3.1/../../../../arm-none-eabi/lib/thumb/v6-m/nofp\libg.a(lib_a-mprec.o)
 .ARM.attributes
                0x00000934       0x2c c:/progra~1/stmicr~1/stm32c~1/gnu-to~1/bin/../lib/gcc/arm-none-eabi/10.3.1/../../../../arm-none-eabi/lib/thumb/v6-m/nofp\libg.a(lib_a-s_frexp.o)
 .ARM.attributes
                0x00000960       0x2c c:/progra~1/stmicr~1/stm32c~1/gnu-to~1/bin/../lib/gcc/arm-none-eabi/10.3.1/../../../../arm-none-eabi/lib/thumb/v6-m/nofp\libg.a(lib_a-sbrkr.o)
 .ARM.attributes
                0x0000098c       0x2c c:/progra~1/stmicr~1/stm32c~1/gnu-to~1/bin/../lib/gcc/arm-none-eabi/10.3.1/../../../../arm-none-eabi/lib/thumb/v6-m/nofp\libg.a(lib_a-strlen-stub.o)
 .ARM.attributes
                0x000009b8       0x2c c:/progra~1/stmicr~1/stm32c~1/gnu-to~1/bin/../lib/gcc/arm-none-eabi/10.3.1/../../../../arm-none-eabi/lib/thumb/v6-m/nofp\libg.a(lib_a-strncpy.o)
 .ARM.attributes
                0x000009e4       0x2c c:/progra~1/stmicr~1/stm32c~1/gnu-to~1/bin/../lib/gcc/arm-none-eabi/10.3.1/../../../../arm-none-eabi/lib/thumb/v6-m/nofp\libg.a(lib_a-svfiprintf.o)
 .ARM.attributes
                0x00000a10       0x2c c:/progra~1/stmicr~1/stm32c~1/gnu-to~1/bin/../lib/gcc/arm-none-eabi/10.3.1/../../../../arm-none-eabi/lib/thumb/v6-m/nofp\libg.a(lib_a-__atexit.o)
 .ARM.attributes
                0x00000a3c       0x2c c:/progra~1/stmicr~1/stm32c~1/gnu-to~1/bin/../lib/gcc/arm-none-eabi/10.3.1/../../../../arm-none-eabi/lib/thumb/v6-m/nofp\libg.a(lib_a-assert.o)
 .ARM.attributes
                0x00000a68       0x2c c:/progra~1/stmicr~1/stm32c~1/gnu-to~1/bin/../lib/gcc/arm-none-eabi/10.3.1/../../../../arm-none-eabi/lib/thumb/v6-m/nofp\libg.a(lib_a-callocr.o)
 .ARM.attributes
                0x00000a94       0x2c c:/progra~1/stmicr~1/stm32c~1/gnu-to~1/bin/../lib/gcc/arm-none-eabi/10.3.1/../../../../arm-none-eabi/lib/thumb/v6-m/nofp\libg.a(lib_a-fiprintf.o)
 .ARM.attributes
                0x00000ac0       0x2c c:/progra~1/stmicr~1/stm32c~1/gnu-to~1/bin/../lib/gcc/arm-none-eabi/10.3.1/../../../../arm-none-eabi/lib/thumb/v6-m/nofp\libg.a(lib_a-locale.o)
 .ARM.attributes
                0x00000aec       0x2c c:/progra~1/stmicr~1/stm32c~1/gnu-to~1/bin/../lib/gcc/arm-none-eabi/10.3.1/../../../../arm-none-eabi/lib/thumb/v6-m/nofp\libg.a(lib_a-mbtowc_r.o)
 .ARM.attributes
                0x00000b18       0x2c c:/progra~1/stmicr~1/stm32c~1/gnu-to~1/bin/../lib/gcc/arm-none-eabi/10.3.1/../../../../arm-none-eabi/lib/thumb/v6-m/nofp\libg.a(lib_a-memmove.o)
 .ARM.attributes
                0x00000b44       0x2c c:/progra~1/stmicr~1/stm32c~1/gnu-to~1/bin/../lib/gcc/arm-none-eabi/10.3.1/../../../../arm-none-eabi/lib/thumb/v6-m/nofp\libg.a(lib_a-reallocr.o)
 .ARM.attributes
                0x00000b70       0x2c c:/progra~1/stmicr~1/stm32c~1/gnu-to~1/bin/../lib/gcc/arm-none-eabi/10.3.1/../../../../arm-none-eabi/lib/thumb/v6-m/nofp\libg.a(lib_a-reent.o)
 .ARM.attributes
                0x00000b9c       0x2c c:/progra~1/stmicr~1/stm32c~1/gnu-to~1/bin/../lib/gcc/arm-none-eabi/10.3.1/../../../../arm-none-eabi/lib/thumb/v6-m/nofp\libg.a(lib_a-vfiprintf.o)
 .ARM.attributes
                0x00000bc8       0x2c c:/progra~1/stmicr~1/stm32c~1/gnu-to~1/bin/../lib/gcc/arm-none-eabi/10.3.1/../../../../arm-none-eabi/lib/thumb/v6-m/nofp\libg.a(lib_a-wctomb_r.o)
 .ARM.attributes
                0x00000bf4       0x2c c:/progra~1/stmicr~1/stm32c~1/gnu-to~1/bin/../lib/gcc/arm-none-eabi/10.3.1/../../../../arm-none-eabi/lib/thumb/v6-m/nofp\libg.a(lib_a-wsetup.o)
 .ARM.attributes
                0x00000c20       0x2c c:/progra~1/stmicr~1/stm32c~1/gnu-to~1/bin/../lib/gcc/arm-none-eabi/10.3.1/../../../../arm-none-eabi/lib/thumb/v6-m/nofp\libg.a(lib_a-abort.o)
 .ARM.attributes
                0x00000c4c       0x2c c:/progra~1/stmicr~1/stm32c~1/gnu-to~1/bin/../lib/gcc/arm-none-eabi/10.3.1/../../../../arm-none-eabi/lib/thumb/v6-m/nofp\libg.a(lib_a-ctype_.o)
 .ARM.attributes
                0x00000c78       0x2c c:/progra~1/stmicr~1/stm32c~1/gnu-to~1/bin/../lib/gcc/arm-none-eabi/10.3.1/../../../../arm-none-eabi/lib/thumb/v6-m/nofp\libg.a(lib_a-fflush.o)
 .ARM.attributes
                0x00000ca4       0x2c c:/progra~1/stmicr~1/stm32c~1/gnu-to~1/bin/../lib/gcc/arm-none-eabi/10.3.1/../../../../arm-none-eabi/lib/thumb/v6-m/nofp\libg.a(lib_a-findfp.o)
 .ARM.attributes
                0x00000cd0       0x2c c:/progra~1/stmicr~1/stm32c~1/gnu-to~1/bin/../lib/gcc/arm-none-eabi/10.3.1/../../../../arm-none-eabi/lib/thumb/v6-m/nofp\libg.a(lib_a-fputwc.o)
 .ARM.attributes
                0x00000cfc       0x2c c:/progra~1/stmicr~1/stm32c~1/gnu-to~1/bin/../lib/gcc/arm-none-eabi/10.3.1/../../../../arm-none-eabi/lib/thumb/v6-m/nofp\libg.a(lib_a-fvwrite.o)
 .ARM.attributes
                0x00000d28       0x2c c:/progra~1/stmicr~1/stm32c~1/gnu-to~1/bin/../lib/gcc/arm-none-eabi/10.3.1/../../../../arm-none-eabi/lib/thumb/v6-m/nofp\libg.a(lib_a-fwalk.o)
 .ARM.attributes
                0x00000d54       0x2c c:/progra~1/stmicr~1/stm32c~1/gnu-to~1/bin/../lib/gcc/arm-none-eabi/10.3.1/../../../../arm-none-eabi/lib/thumb/v6-m/nofp\libg.a(lib_a-makebuf.o)
 .ARM.attributes
                0x00000d80       0x2c c:/progra~1/stmicr~1/stm32c~1/gnu-to~1/bin/../lib/gcc/arm-none-eabi/10.3.1/../../../../arm-none-eabi/lib/thumb/v6-m/nofp\libg.a(lib_a-signal.o)
 .ARM.attributes
                0x00000dac       0x2c c:/progra~1/stmicr~1/stm32c~1/gnu-to~1/bin/../lib/gcc/arm-none-eabi/10.3.1/../../../../arm-none-eabi/lib/thumb/v6-m/nofp\libg.a(lib_a-signalr.o)
 .ARM.attributes
                0x00000dd8       0x2c c:/progra~1/stmicr~1/stm32c~1/gnu-to~1/bin/../lib/gcc/arm-none-eabi/10.3.1/../../../../arm-none-eabi/lib/thumb/v6-m/nofp\libg.a(lib_a-stdio.o)
 .ARM.attributes
                0x00000e04       0x2c c:/progra~1/stmicr~1/stm32c~1/gnu-to~1/bin/../lib/gcc/arm-none-eabi/10.3.1/../../../../arm-none-eabi/lib/thumb/v6-m/nofp\libg.a(lib_a-wbuf.o)
 .ARM.attributes
                0x00000e30       0x2c c:/progra~1/stmicr~1/stm32c~1/gnu-to~1/bin/../lib/gcc/arm-none-eabi/10.3.1/../../../../arm-none-eabi/lib/thumb/v6-m/nofp\libg.a(lib_a-wcrtomb.o)
 .ARM.attributes
                0x00000e5c       0x2c c:/progra~1/stmicr~1/stm32c~1/gnu-to~1/bin/../lib/gcc/arm-none-eabi/10.3.1/../../../../arm-none-eabi/lib/thumb/v6-m/nofp\libg.a(lib_a-writer.o)
 .ARM.attributes
                0x00000e88       0x2c c:/progra~1/stmicr~1/stm32c~1/gnu-to~1/bin/../lib/gcc/arm-none-eabi/10.3.1/../../../../arm-none-eabi/lib/thumb/v6-m/nofp\libg.a(lib_a-closer.o)
 .ARM.attributes
                0x00000eb4       0x2c c:/progra~1/stmicr~1/stm32c~1/gnu-to~1/bin/../lib/gcc/arm-none-eabi/10.3.1/../../../../arm-none-eabi/lib/thumb/v6-m/nofp\libg.a(lib_a-fclose.o)
 .ARM.attributes
                0x00000ee0       0x2c c:/progra~1/stmicr~1/stm32c~1/gnu-to~1/bin/../lib/gcc/arm-none-eabi/10.3.1/../../../../arm-none-eabi/lib/thumb/v6-m/nofp\libg.a(lib_a-fstatr.o)
 .ARM.attributes
                0x00000f0c       0x2c c:/progra~1/stmicr~1/stm32c~1/gnu-to~1/bin/../lib/gcc/arm-none-eabi/10.3.1/../../../../arm-none-eabi/lib/thumb/v6-m/nofp\libg.a(lib_a-isattyr.o)
 .ARM.attributes
                0x00000f38       0x2c c:/progra~1/stmicr~1/stm32c~1/gnu-to~1/bin/../lib/gcc/arm-none-eabi/10.3.1/../../../../arm-none-eabi/lib/thumb/v6-m/nofp\libg.a(lib_a-lseekr.o)
 .ARM.attributes
                0x00000f64       0x2c c:/progra~1/stmicr~1/stm32c~1/gnu-to~1/bin/../lib/gcc/arm-none-eabi/10.3.1/../../../../arm-none-eabi/lib/thumb/v6-m/nofp\libg.a(lib_a-readr.o)
 .ARM.attributes
                0x00000f90       0x1e c:/progra~1/stmicr~1/stm32c~1/gnu-to~1/bin/../lib/gcc/arm-none-eabi/10.3.1/thumb/v6-m/nofp\libgcc.a(_arm_cmpdf2.o)
 .ARM.attributes
                0x00000fae       0x2c c:/progra~1/stmicr~1/stm32c~1/gnu-to~1/bin/../lib/gcc/arm-none-eabi/10.3.1/thumb/v6-m/nofp\libgcc.a(adddf3.o)
 .ARM.attributes
                0x00000fda       0x2c c:/progra~1/stmicr~1/stm32c~1/gnu-to~1/bin/../lib/gcc/arm-none-eabi/10.3.1/thumb/v6-m/nofp\libgcc.a(eqdf2.o)
 .ARM.attributes
                0x00001006       0x2c c:/progra~1/stmicr~1/stm32c~1/gnu-to~1/bin/../lib/gcc/arm-none-eabi/10.3.1/thumb/v6-m/nofp\libgcc.a(gedf2.o)
 .ARM.attributes
                0x00001032       0x2c c:/progra~1/stmicr~1/stm32c~1/gnu-to~1/bin/../lib/gcc/arm-none-eabi/10.3.1/thumb/v6-m/nofp\libgcc.a(ledf2.o)
 .ARM.attributes
                0x0000105e       0x2c c:/progra~1/stmicr~1/stm32c~1/gnu-to~1/bin/../lib/gcc/arm-none-eabi/10.3.1/thumb/v6-m/nofp\libgcc.a(subdf3.o)
 .ARM.attributes
                0x0000108a       0x2c c:/progra~1/stmicr~1/stm32c~1/gnu-to~1/bin/../lib/gcc/arm-none-eabi/10.3.1/thumb/v6-m/nofp\libgcc.a(unorddf2.o)
 .ARM.attributes
                0x000010b6       0x2c c:/progra~1/stmicr~1/stm32c~1/gnu-to~1/bin/../lib/gcc/arm-none-eabi/10.3.1/thumb/v6-m/nofp\libgcc.a(fixdfsi.o)
 .ARM.attributes
                0x000010e2       0x2c c:/progra~1/stmicr~1/stm32c~1/gnu-to~1/bin/../lib/gcc/arm-none-eabi/10.3.1/thumb/v6-m/nofp\libgcc.a(floatsidf.o)
 .ARM.attributes
                0x0000110e       0x2c c:/progra~1/stmicr~1/stm32c~1/gnu-to~1/bin/../lib/gcc/arm-none-eabi/10.3.1/thumb/v6-m/nofp\libgcc.a(floatunsidf.o)
 .ARM.attributes
                0x0000113a       0x1e c:/progra~1/stmicr~1/stm32c~1/gnu-to~1/bin/../lib/gcc/arm-none-eabi/10.3.1/thumb/v6-m/nofp/crtn.o
OUTPUT(firmware_oriforce_board.elf elf32-littlearm)
LOAD linker stubs
LOAD c:/progra~1/stmicr~1/stm32c~1/gnu-to~1/bin/../lib/gcc/arm-none-eabi/10.3.1/../../../../arm-none-eabi/lib/thumb/v6-m/nofp\libc.a
LOAD c:/progra~1/stmicr~1/stm32c~1/gnu-to~1/bin/../lib/gcc/arm-none-eabi/10.3.1/../../../../arm-none-eabi/lib/thumb/v6-m/nofp\libm.a
LOAD c:/progra~1/stmicr~1/stm32c~1/gnu-to~1/bin/../lib/gcc/arm-none-eabi/10.3.1/thumb/v6-m/nofp\libgcc.a

.debug_info     0x00000000    0x1c447
 .debug_info    0x00000000      0xe16 CMakeFiles/firmware_oriforce_board.elf.dir/Core/Src/ldc1614.c.obj
 .debug_info    0x00000e16      0x3fe CMakeFiles/firmware_oriforce_board.elf.dir/Core/Src/led.c.obj
 .debug_info    0x00001214     0x1cdc CMakeFiles/firmware_oriforce_board.elf.dir/Core/Src/main.c.obj