../Drivers/STM32WBxx_HAL_Driver/Inc/stm32wbxx_ll_rcc.h:2859:22:LL_RCC_SetRTCClockSource	16	static
../Drivers/STM32WBxx_HAL_Driver/Inc/stm32wbxx_ll_rcc.h:2883:22:LL_RCC_EnableRTC	4	static
../Drivers/STM32WBxx_HAL_Driver/Inc/stm32wbxx_ll_rcc.h:2893:22:LL_RCC_DisableRTC	4	static
../Drivers/STM32WBxx_HAL_Driver/Inc/stm32wbxx_ll_bus.h:539:22:LL_AHB2_GRP1_EnableClock	24	static
../Drivers/STM32WBxx_HAL_Driver/Inc/stm32wbxx_ll_bus.h:744:22:LL_AHB3_GRP1_EnableClock	24	static
../Drivers/STM32WBxx_HAL_Driver/Inc/stm32wbxx_ll_bus.h:798:22:LL_AHB3_GRP1_DisableClock	16	static
../Drivers/STM32WBxx_HAL_Driver/Inc/stm32wbxx_ll_bus.h:939:22:LL_APB1_GRP1_EnableClock	24	static
../Drivers/STM32WBxx_HAL_Driver/Inc/stm32wbxx_ll_bus.h:958:22:LL_APB1_GRP2_EnableClock	24	static
../Drivers/STM32WBxx_HAL_Driver/Inc/stm32wbxx_ll_bus.h:1038:22:LL_APB1_GRP1_DisableClock	16	static
../Drivers/STM32WBxx_HAL_Driver/Inc/stm32wbxx_ll_bus.h:1053:22:LL_APB1_GRP2_DisableClock	16	static
../Core/Src/stm32wbxx_hal_msp.c:64:6:HAL_MspInit	8	static
../Core/Src/stm32wbxx_hal_msp.c:91:6:HAL_I2C_MspInit	120	static
../Core/Src/stm32wbxx_hal_msp.c:145:6:HAL_I2C_MspDeInit	16	static
../Core/Src/stm32wbxx_hal_msp.c:176:6:HAL_IPCC_MspInit	16	static
../Core/Src/stm32wbxx_hal_msp.c:203:6:HAL_IPCC_MspDeInit	16	static
../Core/Src/stm32wbxx_hal_msp.c:229:6:HAL_UART_MspInit	120	static
../Core/Src/stm32wbxx_hal_msp.c:297:6:HAL_UART_MspDeInit	16	static
../Core/Src/stm32wbxx_hal_msp.c:331:6:HAL_RTC_MspInit	96	static
../Core/Src/stm32wbxx_hal_msp.c:372:6:HAL_RTC_MspDeInit	16	static
../Core/Src/stm32wbxx_hal_msp.c:398:6:HAL_TIM_Base_MspInit	16	static
../Core/Src/stm32wbxx_hal_msp.c:423:6:HAL_TIM_Base_MspDeInit	16	static
